
F:\AIForProgram\CodeBERT>cd code2nl 

F:\AIForProgram\CodeBERT\code2nl>set lang=wiki_sql 

F:\AIForProgram\CodeBERT\code2nl>set lr=7e-6 

F:\AIForProgram\CodeBERT\code2nl>set batch_size=6      

F:\AIForProgram\CodeBERT\code2nl>set beam_size=10      

F:\AIForProgram\CodeBERT\code2nl>set source_length=256 

F:\AIForProgram\CodeBERT\code2nl>set target_length=128 

F:\AIForProgram\CodeBERT\code2nl>set data_dir=../code2nl/CodeSearchNet

F:\AIForProgram\CodeBERT\code2nl>set output_dir=model/wiki_sql

F:\AIForProgram\CodeBERT\code2nl>set train_file=../code2nl/CodeSearchNet/wiki_sql/train.jsonl

F:\AIForProgram\CodeBERT\code2nl>set dev_file=../code2nl/CodeSearchNet/wiki_sql/valid.jsonl

F:\AIForProgram\CodeBERT\code2nl>set eval_steps=300

F:\AIForProgram\CodeBERT\code2nl>set train_steps=3000

F:\AIForProgram\CodeBERT\code2nl>set pretrained_model=microsoft/codebert-base

F:\AIForProgram\CodeBERT\code2nl>python run.py --do_train --do_eval --model_type roberta --model_name_or_path microsoft/codebert-base --train_filename ../code2nl/CodeSearchNet/wiki_sql/train.jsonl --dev_filename ../code2nl/CodeSearchNet/wiki_sql/valid.jsonl --output_dir model/wiki_sql --max_source_length 256 --max_target_length 128 --beam_size 10 --train_batch_size 6 --eval_batch_size 6 --learning_rate 7e-6 --train_steps 3000 --eval_steps 300
2020-08-04 23:15:29.246939: I tensorflow/stream_executor/platform/default/dso_loader.cc:44] Successfully opened dynamic library cudart64_101.dll
08/04/2020 23:15:52 - INFO - __main__ -   Namespace(adam_epsilon=1e-08, beam_size=10, config_name='', dev_filename='../code2nl/CodeSearchNet/wiki_sql/valid.jsonl', do_eval=True, do_lower_case=False, do_test=False, do_train=True, eval_batch_size=6, eval_steps=300, gradient_accumulation_steps=1, learning_rate=7e-06, load_model_path=None, local_rank=-1, max_grad_norm=1.0, max_source_length=256, max_steps=-1, max_target_length=128, model_name_or_path='microsoft/codebert-base', model_type='roberta', no_cuda=False, num_train_epochs=3.0, output_dir='model/wiki_sql', seed=42, test_filename=None, tokenizer_name='', train_batch_size=6, train_filename='../code2nl/CodeSearchNet/wiki_sql/train.jsonl', train_steps=3000, warmup_steps=0, weight_decay=0.0)
08/04/2020 23:15:52 - WARNING - __main__ -   Process rank: -1, device: cuda, n_gpu: 1, distributed training: False
08/04/2020 23:15:53 - INFO - transformers.configuration_utils -   loading configuration file https://s3.amazonaws.com/models.huggingface.co/bert/microsoft/codebert-base/config.json from cache at C:\Users\Administrator\.cache\torch\transformers\1b62771d5f5169b34713b0af1ab85d80e11f7b1812fbf3ee7d03a866c5f58e72.06eb31f0a63f4e8a136733ccac422f0abf9ffa87c3e61104b57e7075a704d008       
08/04/2020 23:15:53 - INFO - transformers.configuration_utils -   Model config RobertaConfig {
  "architectures": [
    "RobertaModel"
  ],
  "attention_probs_dropout_prob": 0.1,
  "bos_token_id": 0,
  "do_sample": false,
  "eos_token_id": 2,
  "eos_token_ids": 0,
  "finetuning_task": null,
  "hidden_act": "gelu",
  "hidden_dropout_prob": 0.1,
  "hidden_size": 768,
  "id2label": {
    "0": "LABEL_0",
    "1": "LABEL_1"
  },
  "initializer_range": 0.02,
  "intermediate_size": 3072,
  "is_decoder": false,
  "label2id": {
    "LABEL_0": 0,
    "LABEL_1": 1
  },
  "layer_norm_eps": 1e-05,
  "length_penalty": 1.0,
  "max_length": 20,
  "max_position_embeddings": 514,
  "model_type": "roberta",
  "num_attention_heads": 12,
  "num_beams": 1,
  "num_hidden_layers": 12,
  "num_labels": 2,
  "num_return_sequences": 1,
  "output_attentions": false,
  "output_hidden_states": false,
  "output_past": true,
  "pad_token_id": 1,
  "pruned_heads": {},
  "repetition_penalty": 1.0,
  "temperature": 1.0,
  "top_k": 50,
  "top_p": 1.0,
  "torchscript": false,
  "type_vocab_size": 1,
  "use_bfloat16": false,
  "vocab_size": 50265
}

08/04/2020 23:15:53 - INFO - transformers.tokenization_utils -   Model name 'microsoft/codebert-base' not found in model shortcut name list (roberta-base, roberta-large, roberta-large-mnli, 
distilroberta-base, roberta-base-openai-detector, roberta-large-openai-detector). Assuming 'microsoft/codebert-base' is a path, a model identifier, or url to a directory containing tokenizer files.
08/04/2020 23:15:56 - INFO - transformers.tokenization_utils -   loading file https://s3.amazonaws.com/models.huggingface.co/bert/microsoft/codebert-base/vocab.json from cache at C:\Users\Administrator\.cache\torch\transformers\aca4dbdf4f074d4e071c2664901fec33c8aa69c35aa0101bc669ed4b44d1f6c3.6a4061e8fc00057d21d80413635a86fdcf55b6e7594ad9e25257d2f99a02f4be
08/04/2020 23:15:56 - INFO - transformers.tokenization_utils -   loading file https://s3.amazonaws.com/models.huggingface.co/bert/microsoft/codebert-base/merges.txt from cache at C:\Users\Administrator\.cache\torch\transformers\779a2f0c38ba2ff65d9a3ee23e58db9568f44a20865c412365e3dc540f01743f.70bec105b4158ed9a1747fea67a43f5dee97855c64d62b6ec3742f4cfdb5feda
08/04/2020 23:15:56 - INFO - transformers.tokenization_utils -   loading file https://s3.amazonaws.com/models.huggingface.co/bert/microsoft/codebert-base/added_tokens.json from cache at None
08/04/2020 23:15:56 - INFO - transformers.tokenization_utils -   loading file https://s3.amazonaws.com/models.huggingface.co/bert/microsoft/codebert-base/special_tokens_map.json from cache at C:\Users\Administrator\.cache\torch\transformers\5a191080da4f00859b5d3d29529f57894583e00ab07b7c940d65c33db4b25d4d.16f949018cf247a2ea7465a74ca9a292212875e5fd72f969e0807011e7f192e4
08/04/2020 23:15:56 - INFO - transformers.tokenization_utils -   loading file https://s3.amazonaws.com/models.huggingface.co/bert/microsoft/codebert-base/tokenizer_config.json from cache at 
C:\Users\Administrator\.cache\torch\transformers\1b4723c5fb2d933e11c399450ea233aaf33f093b5cbef3ec864624735380e490.70b5dbd5d3b9b4c9bfb3d1f6464291ff52f6a8d96358899aa3834e173b45092d
08/04/2020 23:15:57 - INFO - transformers.modeling_utils -   loading weights file https://s3.amazonaws.com/models.huggingface.co/bert/microsoft/codebert-base/pytorch_model.bin from cache at 
C:\Users\Administrator\.cache\torch\transformers\3416309b564f60f87c1bc2ce8d8a82bb7c1e825b241c816482f750b48a5cdc26.96251fe4478bac0cff9de8ae3201e5847cee59aebbcafdfe6b2c361f9398b349
08/04/2020 23:16:09 - INFO - __main__ -   *** Example ***
08/04/2020 23:16:09 - INFO - __main__ -   idx: 0
08/04/2020 23:16:09 - INFO - __main__ -   source_tokens: ['<s>', 'What', '_is', '_every', '_number', '_when', '_the', '_player', '_is', '_A', 'ig', 'ars', '_Vit', 'ols', '?', '</s>']        
08/04/2020 23:16:10 - INFO - __main__ -   source_ids: 0 2264 16 358 346 77 5 869 16 83 1023 2726 24589 11925 116 2 1 1 1 1 1 1 1 1 1 1 1 1 1 1 1 1 1 1 1 1 1 1 1 1 1 1 1 1 1 1 1 1 1 1 1 1 1 1 1 1 1 1 1 1 1 1 1 1 1 1 1 1 1 1 1 1 1 1 1 1 1 1 1 1 1 1 1 1 1 1 1 1 1 1 1 1 1 1 1 1 1 1 1 1 1 1 1 1 1 1 1 1 1 1 1 1 1 1 1 1 1 1 1 1 1 1 1 1 1 1 1 1 1 1 1 1 1 1 1 1 1 1 1 1 1 1 1 1 1 1 1 1 1 1 1 1 1 1 1 1 1 1 1 1 1 1 1 1 1 1 1 1 1 1 1 1 1 1 1 1 1 1 1 1 1 1 1 1 1 1 1 1 1 1 1 1 1 1 1 1 1 1 1 1 1 1 1 1 1 1 1 1 1 1 1 1 1 1 1 1 1 1 1 1 1 1 1 1 1 1 1 1 1 1 1 1 1 1 1 1 1 1 1 1 1 1 1 1 1 1 1 1 1 1 1 1 1 1 1 1
08/04/2020 23:16:10 - INFO - __main__ -   source_mask: 1 1 1 1 1 1 1 1 1 1 1 1 1 1 1 1 0 0 0 0 0 0 0 0 0 0 0 0 0 0 0 0 0 0 0 0 0 0 0 0 0 0 0 0 0 0 0 0 0 0 0 0 0 0 0 0 0 0 0 0 0 0 0 0 0 0 0 0 0 0 0 0 0 0 0 0 0 0 0 0 0 0 0 0 0 0 0 0 0 0 0 0 0 0 0 0 0 0 0 0 0 0 0 0 0 0 0 0 0 0 0 0 0 0 0 0 0 0 0 0 0 0 0 0 0 0 0 0 0 0 0 0 0 0 0 0 0 0 0 0 0 0 0 0 0 0 0 0 0 0 0 0 0 0 0 0 0 0 0 0 0 0 0 0 0 0 0 0 0 0 0 0 0 0 0 0 0 0 0 0 0 0 0 0 0 0 0 0 0 0 0 0 0 0 0 0 0 0 0 0 0 0 0 0 0 0 0 0 0 0 0 0 0 0 0 0 0 0 0 0 0 0 0 0 0 0 0 0 0 0 0 0 0 0 0 0 0 0 0 0 0 0 0 0 0 0 0 0 0 0 0 0 0 0 0 0    
08/04/2020 23:16:10 - INFO - __main__ -   target_tokens: ['<s>', 'SELECT', '_No', '_FROM', '_table', '_', '1', '_', '23', '67', '00', '57', '_', '7', '_WHERE', '_Player', '_=', '_A', 'ig', 'ars', '_Vit', 'ols', '</s>']
08/04/2020 23:16:10 - INFO - __main__ -   target_ids: 0 49179 440 11974 2103 1215 134 1215 1922 4111 612 4390 1215 406 29919 8251 5457 83 1023 2726 24589 11925 2 1 1 1 1 1 1 1 1 1 1 1 1 1 1 
1 1 1 1 1 1 1 1 1 1 1 1 1 1 1 1 1 1 1 1 1 1 1 1 1 1 1 1 1 1 1 1 1 1 1 1 1 1 1 1 1 1 1 1 1 1 1 1 1 1 1 1 1 1 1 1 1 1 1 1 1 1 1 1 1 1 1 1 1 1 1 1 1 1 1 1 1 1 1 1 1 1 1 1 1 1 1 1 1 1 1
08/04/2020 23:16:10 - INFO - __main__ -   target_mask: 1 1 1 1 1 1 1 1 1 1 1 1 1 1 1 1 1 1 1 1 1 1 1 0 0 0 0 0 0 0 0 0 0 0 0 0 0 0 0 0 0 0 0 0 0 0 0 0 0 0 0 0 0 0 0 0 0 0 0 0 0 0 0 0 0 0 0 0 0 0 0 0 0 0 0 0 0 0 0 0 0 0 0 0 0 0 0 0 0 0 0 0 0 0 0 0 0 0 0 0 0 0 0 0 0 0 0 0 0 0 0 0 0 0 0 0 0 0 0 0 0 0 0 0 0 0 0 0
08/04/2020 23:16:10 - INFO - __main__ -   *** Example ***
08/04/2020 23:16:10 - INFO - __main__ -   idx: 1
08/04/2020 23:16:10 - INFO - __main__ -   source_tokens: ['<s>', 'What', '_is', '_the', '_River', '_Mile', '_with', '_a', '_R', 'DB', '_lock', '_side', '_and', '_a', '_pool', '_length', '_of', '_55', '_.', '_4', '?', '</s>']
08/04/2020 23:16:10 - INFO - __main__ -   source_ids: 0 2264 16 5 1995 14640 19 10 248 10842 7014 526 8 10 3716 5933 9 3490 479 204 116 2 1 1 1 1 1 1 1 1 1 1 1 1 1 1 1 1 1 1 1 1 1 1 1 1 1 1 
1 1 1 1 1 1 1 1 1 1 1 1 1 1 1 1 1 1 1 1 1 1 1 1 1 1 1 1 1 1 1 1 1 1 1 1 1 1 1 1 1 1 1 1 1 1 1 1 1 1 1 1 1 1 1 1 1 1 1 1 1 1 1 1 1 1 1 1 1 1 1 1 1 1 1 1 1 1 1 1 1 1 1 1 1 1 1 1 1 1 1 1 1 1 1 
1 1 1 1 1 1 1 1 1 1 1 1 1 1 1 1 1 1 1 1 1 1 1 1 1 1 1 1 1 1 1 1 1 1 1 1 1 1 1 1 1 1 1 1 1 1 1 1 1 1 1 1 1 1 1 1 1 1 1 1 1 1 1 1 1 1 1 1 1 1 1 1 1 1 1 1 1 1 1 1 1 1 1 1 1 1 1 1 1 1 1 1 1 1 1 
1 1 1 1 1 1 1 1 1 1 1 1 1 1 1 1 1 1
08/04/2020 23:16:10 - INFO - __main__ -   source_mask: 1 1 1 1 1 1 1 1 1 1 1 1 1 1 1 1 1 1 1 1 1 1 0 0 0 0 0 0 0 0 0 0 0 0 0 0 0 0 0 0 0 0 0 0 0 0 0 0 0 0 0 0 0 0 0 0 0 0 0 0 0 0 0 0 0 0 0 0 0 0 0 0 0 0 0 0 0 0 0 0 0 0 0 0 0 0 0 0 0 0 0 0 0 0 0 0 0 0 0 0 0 0 0 0 0 0 0 0 0 0 0 0 0 0 0 0 0 0 0 0 0 0 0 0 0 0 0 0 0 0 0 0 0 0 0 0 0 0 0 0 0 0 0 0 0 0 0 0 0 0 0 0 0 0 0 0 0 0 0 0 0 0 0 0 0 0 0 0 0 0 0 0 0 0 0 0 0 0 0 0 0 0 0 0 0 0 0 0 0 0 0 0 0 0 0 0 0 0 0 0 0 0 0 0 0 0 0 0 0 0 0 0 0 0 0 0 0 0 0 0 0 0 0 0 0 0 0 0 0 0 0 0 0 0 0 0 0 0 0 0 0 0 0 0 0 0 0 0 0 0 0 0 0 0 0 0    
08/04/2020 23:16:10 - INFO - __main__ -   target_tokens: ['<s>', 'SELECT', '_River', '_Mile', '_FROM', '_table', '_', '2', '_', '18', '62', '12', '04', '_', '2', '_WHERE', '_Lock', '_Side', 
'_=', '_r', 'db', '_AND', '_Pool', '_Length', '_(', '_miles', '_)', '_=', '_55', '_.', '_4', '</s>']
08/04/2020 23:16:10 - INFO - __main__ -   target_ids: 0 49179 1995 14640 11974 2103 1215 176 1215 1366 5379 1092 3387 1215 176 29919 11647 9120 5457 910 33845 4248 13906 41852 36 1788 4839 5457 3490 479 204 2 1 1 1 1 1 1 1 1 1 1 1 1 1 1 1 1 1 1 1 1 1 1 1 1 1 1 1 1 1 1 1 1 1 1 1 1 1 1 1 1 1 1 1 1 1 1 1 1 1 1 1 1 1 1 1 1 1 1 1 1 1 1 1 1 1 1 1 1 1 1 1 1 1 1 1 1 1 1 1 1 1 1 1 1 1 1 1 1 1 1 1 1 1 1 1 1
08/04/2020 23:16:10 - INFO - __main__ -   target_mask: 1 1 1 1 1 1 1 1 1 1 1 1 1 1 1 1 1 1 1 1 1 1 1 1 1 1 1 1 1 1 1 1 0 0 0 0 0 0 0 0 0 0 0 0 0 0 0 0 0 0 0 0 0 0 0 0 0 0 0 0 0 0 0 0 0 0 0 0 0 0 0 0 0 0 0 0 0 0 0 0 0 0 0 0 0 0 0 0 0 0 0 0 0 0 0 0 0 0 0 0 0 0 0 0 0 0 0 0 0 0 0 0 0 0 0 0 0 0 0 0 0 0 0 0 0 0 0 0
08/04/2020 23:16:10 - INFO - __main__ -   *** Example ***
08/04/2020 23:16:10 - INFO - __main__ -   idx: 2
08/04/2020 23:16:10 - INFO - __main__ -   source_tokens: ['<s>', 'What', '_s', '_the', '_Loss', '_for', '_the', '_game', '_that', '_had', '_a', '_22', '_-', '_24', '_record', '?', '</s>']   
08/04/2020 23:16:10 - INFO - __main__ -   source_ids: 0 2264 579 5 19700 13 5 177 14 56 10 820 111 706 638 116 2 1 1 1 1 1 1 1 1 1 1 1 1 1 1 1 1 1 1 1 1 1 1 1 1 1 1 1 1 1 1 1 1 1 1 1 1 1 1 1 1 1 1 1 1 1 1 1 1 1 1 1 1 1 1 1 1 1 1 1 1 1 1 1 1 1 1 1 1 1 1 1 1 1 1 1 1 1 1 1 1 1 1 1 1 1 1 1 1 1 1 1 1 1 1 1 1 1 1 1 1 1 1 1 1 1 1 1 1 1 1 1 1 1 1 1 1 1 1 1 1 1 1 1 1 1 1 1 1 1 1 1 1 1 1 1 1 1 1 1 1 1 1 1 1 1 1 1 1 1 1 1 1 1 1 1 1 1 1 1 1 1 1 1 1 1 1 1 1 1 1 1 1 1 1 1 1 1 1 1 1 1 1 1 1 1 1 1 1 1 1 1 1 1 1 1 1 1 1 1 1 1 1 1 1 1 1 1 1 1 1 1 1 1 1 1 1 1 1 1 1 1 1 1 1 1 1 1 1 1 1 1 1 1 1 1 1 1 1 1
08/04/2020 23:16:10 - INFO - __main__ -   source_mask: 1 1 1 1 1 1 1 1 1 1 1 1 1 1 1 1 1 0 0 0 0 0 0 0 0 0 0 0 0 0 0 0 0 0 0 0 0 0 0 0 0 0 0 0 0 0 0 0 0 0 0 0 0 0 0 0 0 0 0 0 0 0 0 0 0 0 0 0 0 0 0 0 0 0 0 0 0 0 0 0 0 0 0 0 0 0 0 0 0 0 0 0 0 0 0 0 0 0 0 0 0 0 0 0 0 0 0 0 0 0 0 0 0 0 0 0 0 0 0 0 0 0 0 0 0 0 0 0 0 0 0 0 0 0 0 0 0 0 0 0 0 0 0 0 0 0 0 0 0 0 0 0 0 0 0 0 0 0 0 0 0 0 0 0 0 0 0 0 0 0 0 0 0 0 0 0 0 0 0 0 0 0 0 0 0 0 0 0 0 0 0 0 0 0 0 0 0 0 0 0 0 0 0 0 0 0 0 0 0 0 0 0 0 0 0 0 0 0 0 0 0 0 0 0 0 0 0 0 0 0 0 0 0 0 0 0 0 0 0 0 0 0 0 0 0 0 0 0 0 0 0 0 0 0 0 0    
08/04/2020 23:16:10 - INFO - __main__ -   target_tokens: ['<s>', 'SELECT', '_Loss', '_FROM', '_table', '_', '2', '_', '14', '26', '95', '40', '_', '5', '_WHERE', '_Record', '_=', '_22', '_-', '_24', '</s>']
08/04/2020 23:16:11 - INFO - __main__ -   target_ids: 0 49179 19700 11974 2103 1215 176 1215 1570 2481 4015 1749 1215 245 29919 10788 5457 820 111 706 2 1 1 1 1 1 1 1 1 1 1 1 1 1 1 1 1 1 1 1 1 1 1 1 1 1 1 1 1 1 1 1 1 1 1 1 1 1 1 1 1 1 1 1 1 1 1 1 1 1 1 1 1 1 1 1 1 1 1 1 1 1 1 1 1 1 1 1 1 1 1 1 1 1 1 1 1 1 1 1 1 1 1 1 1 1 1 1 1 1 1 1 1 1 1 1 1 1 1 1 1 1 1 1 1 1 1 1
08/04/2020 23:16:11 - INFO - __main__ -   target_mask: 1 1 1 1 1 1 1 1 1 1 1 1 1 1 1 1 1 1 1 1 1 0 0 0 0 0 0 0 0 0 0 0 0 0 0 0 0 0 0 0 0 0 0 0 0 0 0 0 0 0 0 0 0 0 0 0 0 0 0 0 0 0 0 0 0 0 0 0 0 0 0 0 0 0 0 0 0 0 0 0 0 0 0 0 0 0 0 0 0 0 0 0 0 0 0 0 0 0 0 0 0 0 0 0 0 0 0 0 0 0 0 0 0 0 0 0 0 0 0 0 0 0 0 0 0 0 0 0
08/04/2020 23:16:11 - INFO - __main__ -   *** Example ***
08/04/2020 23:16:11 - INFO - __main__ -   idx: 3
08/04/2020 23:16:11 - INFO - __main__ -   source_tokens: ['<s>', 'What', '_is', '_D', '3', '¨®', '?', '_D', '3', '¨®', '?', '_[', '_', '¨¦', '?', '¨º', '¡¤', '_]', '_when', '_', '¨°', '?', '_', '¨°', '?', '_[', '_', '¨º', '?', '_/', '_', '¨¦', '¡ê', '_]', '_is', '_', '¨°', '?', '_', '¨°', '?', '_[', '_t', '¨ª', '?', '¨º', '?', '¨º', '?', '_]', '_?', '</s>']
08/04/2020 23:16:11 - INFO - __main__ -   source_ids: 0 2264 16 18697 15264 49013 27 18697 15264 49013 27 646 1437 35423 5543 38155 18400 27779 77 1437 48561 15722 1437 48561 15722 646 1437 
38155 10172 1589 1437 35423 2469 27779 16 1437 48561 9470 1437 48561 9470 646 326 48254 5543 38155 9264 38155 4394 27779 17487 2 1 1 1 1 1 1 1 1 1 1 1 1 1 1 1 1 1 1 1 1 1 1 1 1 1 1 1 1 1 1 1 1 1 1 1 1 1 1 1 1 1 1 1 1 1 1 1 1 1 1 1 1 1 1 1 1 1 1 1 1 1 1 1 1 1 1 1 1 1 1 1 1 1 1 1 1 1 1 1 1 1 1 1 1 1 1 1 1 1 1 1 1 1 1 1 1 1 1 1 1 1 1 1 1 1 1 1 1 1 1 1 1 1 1 1 1 1 1 1 1 1 1 1 1 1 1 1 1 1 1 1 1 1 1 1 1 1 1 1 1 1 1 1 1 1 1 1 1 1 1 1 1 1 1 1 1 1 1 1 1 1 1 1 1 1 1 1 1 1 1 1 1 1 1 1 1 1 1 1 1 1 1 1 1 1 1 1 1 1 1 1 1 1 1 1 1 1 1 1 1 1 1 1 1
08/04/2020 23:16:11 - INFO - __main__ -   source_mask: 1 1 1 1 1 1 1 1 1 1 1 1 1 1 1 1 1 1 1 1 1 1 1 1 1 1 1 1 1 1 1 1 1 1 1 1 1 1 1 1 1 1 1 1 1 1 1 1 1 1 1 1 0 0 0 0 0 0 0 0 0 0 0 0 0 0 0 0 0 0 0 0 0 0 0 0 0 0 0 0 0 0 0 0 0 0 0 0 0 0 0 0 0 0 0 0 0 0 0 0 0 0 0 0 0 0 0 0 0 0 0 0 0 0 0 0 0 0 0 0 0 0 0 0 0 0 0 0 0 0 0 0 0 0 0 0 0 0 0 0 0 0 0 0 0 0 0 0 0 0 0 0 0 0 0 0 0 0 0 0 0 0 0 0 0 0 0 0 0 0 0 0 0 0 0 0 0 0 0 0 0 0 0 0 0 0 0 0 0 0 0 0 0 0 0 0 0 0 0 0 0 0 0 0 0 0 0 0 0 0 0 0 0 0 0 0 0 0 0 0 0 0 0 0 0 0 0 0 0 0 0 0 0 0 0 0 0 0 0 0 0 0 0 0 0 0 0 0 0 0 0 0 0 0 0 0    
08/04/2020 23:16:11 - INFO - __main__ -   target_tokens: ['<s>', 'SELECT', '_D', '?', '¨®', '?', '_D', '3', '¨®', '?', '_[', '_', '¨¦', '?', '¨º', '¡¤', '_]', '_FROM', '_table', '_', '1', '_', '20', '23', '65', '_', '2', '_WHERE', '_', '¨°', '?', '_', '¨°', '?', '_[', '_', '¨º', '?', '_/', '_', '¨¦', '¡ê', '_]', '_=', '_', '¨°', '?', '_', '¨°', '?', '_[', '_t', '¨ª', '?', '¨º', '?', '¨º', '?', '_]', '</s>']
08/04/2020 23:16:11 - INFO - __main__ -   target_ids: 0 49179 18697 9085 49013 27 18697 15264 49013 27 646 1437 35423 5543 38155 18400 27779 11974 2103 1215 134 1215 844 1922 3506 1215 176 29919 1437 48561 10674 1437 48561 15722 646 1437 38155 10172 1589 1437 35423 2469 27779 5457 1437 48561 4726 1437 48561 9470 646 326 48254 5543 38155 9264 38155 4394 27779 2 1 1 1 1 1 1 1 1 1 1 1 1 1 1 1 1 1 1 1 1 1 1 1 1 1 1 1 1 1 1 1 1 1 1 1 1 1 1 1 1 1 1 1 1 1 1 1 1 1 1 1 1 1 1 1 1 1 1 1 1 1 1 1 1 1 1 1 1
08/04/2020 23:16:11 - INFO - __main__ -   target_mask: 1 1 1 1 1 1 1 1 1 1 1 1 1 1 1 1 1 1 1 1 1 1 1 1 1 1 1 1 1 1 1 1 1 1 1 1 1 1 1 1 1 1 1 1 1 1 1 1 1 1 1 1 1 1 1 1 1 1 1 1 0 0 0 0 0 0 0 0 0 0 0 0 0 0 0 0 0 0 0 0 0 0 0 0 0 0 0 0 0 0 0 0 0 0 0 0 0 0 0 0 0 0 0 0 0 0 0 0 0 0 0 0 0 0 0 0 0 0 0 0 0 0 0 0 0 0 0 0
08/04/2020 23:16:11 - INFO - __main__ -   *** Example ***
08/04/2020 23:16:11 - INFO - __main__ -   idx: 4
08/04/2020 23:16:11 - INFO - __main__ -   source_tokens: ['<s>', 'When', '_22', '_is', '_the', '_number', '_what', '_is', '_the', '_episode', '_title', '?', '</s>']
08/04/2020 23:16:11 - INFO - __main__ -   source_ids: 0 1779 820 16 5 346 99 16 5 3238 1270 116 2 1 1 1 1 1 1 1 1 1 1 1 1 1 1 1 1 1 1 1 1 1 1 1 1 1 1 1 1 1 1 1 1 1 1 1 1 1 1 1 1 1 1 1 1 1 1 
1 1 1 1 1 1 1 1 1 1 1 1 1 1 1 1 1 1 1 1 1 1 1 1 1 1 1 1 1 1 1 1 1 1 1 1 1 1 1 1 1 1 1 1 1 1 1 1 1 1 1 1 1 1 1 1 1 1 1 1 1 1 1 1 1 1 1 1 1 1 1 1 1 1 1 1 1 1 1 1 1 1 1 1 1 1 1 1 1 1 1 1 1 1 1 
1 1 1 1 1 1 1 1 1 1 1 1 1 1 1 1 1 1 1 1 1 1 1 1 1 1 1 1 1 1 1 1 1 1 1 1 1 1 1 1 1 1 1 1 1 1 1 1 1 1 1 1 1 1 1 1 1 1 1 1 1 1 1 1 1 1 1 1 1 1 1 1 1 1 1 1 1 1 1 1 1 1 1 1 1 1 1 1 1 1 1 1 1 1 1 
1 1 1 1 1 1 1
08/04/2020 23:16:11 - INFO - __main__ -   source_mask: 1 1 1 1 1 1 1 1 1 1 1 1 1 0 0 0 0 0 0 0 0 0 0 0 0 0 0 0 0 0 0 0 0 0 0 0 0 0 0 0 0 0 0 0 0 0 0 0 0 0 0 0 0 0 0 0 0 0 0 0 0 0 0 0 0 0 0 0 0 0 0 0 0 0 0 0 0 0 0 0 0 0 0 0 0 0 0 0 0 0 0 0 0 0 0 0 0 0 0 0 0 0 0 0 0 0 0 0 0 0 0 0 0 0 0 0 0 0 0 0 0 0 0 0 0 0 0 0 0 0 0 0 0 0 0 0 0 0 0 0 0 0 0 0 0 0 0 0 0 0 0 0 0 0 0 0 0 0 0 0 0 0 0 0 0 0 0 0 0 0 0 0 0 0 0 0 0 0 0 0 0 0 0 0 0 0 0 0 0 0 0 0 0 0 0 0 0 0 0 0 0 0 0 0 0 0 0 0 0 0 0 0 0 0 0 0 0 0 0 0 0 0 0 0 0 0 0 0 0 0 0 0 0 0 0 0 0 0 0 0 0 0 0 0 0 0 0 0 0 0 0 0 0 0 0 0    
08/04/2020 23:16:11 - INFO - __main__ -   target_tokens: ['<s>', 'SELECT', '_Episode', '_title', '_FROM', '_table', '_', '1', '_', '294', '75', '589', '_', '3', '_WHERE', '_No', '_.', '_=', 
'_22', '</s>']
08/04/2020 23:16:11 - INFO - __main__ -   target_ids: 0 49179 16012 1270 11974 2103 1215 134 1215 32004 2545 40017 1215 246 29919 440 479 5457 820 2 1 1 1 1 1 1 1 1 1 1 1 1 1 1 1 1 1 1 1 1 1 1 1 1 1 1 1 1 1 1 1 1 1 1 1 1 1 1 1 1 1 1 1 1 1 1 1 1 1 1 1 1 1 1 1 1 1 1 1 1 1 1 1 1 1 1 1 1 1 1 1 1 1 1 1 1 1 1 1 1 1 1 1 1 1 1 1 1 1 1 1 1 1 1 1 1 1 1 1 1 1 1 1 1 1 1 1 1
08/04/2020 23:16:11 - INFO - __main__ -   target_mask: 1 1 1 1 1 1 1 1 1 1 1 1 1 1 1 1 1 1 1 1 0 0 0 0 0 0 0 0 0 0 0 0 0 0 0 0 0 0 0 0 0 0 0 0 0 0 0 0 0 0 0 0 0 0 0 0 0 0 0 0 0 0 0 0 0 0 0 0 0 0 0 0 0 0 0 0 0 0 0 0 0 0 0 0 0 0 0 0 0 0 0 0 0 0 0 0 0 0 0 0 0 0 0 0 0 0 0 0 0 0 0 0 0 0 0 0 0 0 0 0 0 0 0 0 0 0 0 0
08/04/2020 23:16:29 - INFO - __main__ -   ***** Running training *****
08/04/2020 23:16:29 - INFO - __main__ -     Num examples = 54208
08/04/2020 23:16:29 - INFO - __main__ -     Batch size = 6
08/04/2020 23:16:29 - INFO - __main__ -     Num epoch = 0
loss 5.2065:  10%|¨€¨€¨€¨€¨€¨€¨€¨€¨€¨€¨€¨€¨€¨„                                                                                                                          | 298/3000 [02:47<25:15,  1.78it/s]08/04/2020 23:19:19 - INFO - __main__ -
***** Running evaluation *****
08/04/2020 23:19:19 - INFO - __main__ -     Num examples = 5946
08/04/2020 23:19:19 - INFO - __main__ -     Batch size = 6
08/04/2020 23:21:52 - INFO - __main__ -     eval_ppl = 60.04184
08/04/2020 23:21:52 - INFO - __main__ -     global_step = 300
08/04/2020 23:21:52 - INFO - __main__ -     train_loss = 5.2065
08/04/2020 23:21:52 - INFO - __main__ -     ********************
08/04/2020 23:21:54 - INFO - __main__ -     Best ppl:60.04184
08/04/2020 23:21:54 - INFO - __main__ -     ********************
Total: 1000
08/04/2020 23:35:29 - INFO - __main__ -     bleu-4 = 27.75 
08/04/2020 23:35:29 - INFO - __main__ -     ********************
08/04/2020 23:35:29 - INFO - __main__ -     Best bleu:27.75
08/04/2020 23:35:29 - INFO - __main__ -     ********************
loss 4.0016:  20%|¨€¨€¨€¨€¨€¨€¨€¨€¨€¨€¨€¨€¨€¨€¨€¨€¨€¨€¨€¨€¨€¨€¨€¨€¨€¨€¨€                                                                                                             | 598/3000 [21:56<23:35,  1.70it/s]08/04/2020 23:38:26 - INFO - __main__ -
***** Running evaluation *****
08/04/2020 23:38:26 - INFO - __main__ -     Num examples = 5946
08/04/2020 23:38:26 - INFO - __main__ -     Batch size = 6
08/04/2020 23:41:06 - INFO - __main__ -     eval_ppl = 42.1368
08/04/2020 23:41:06 - INFO - __main__ -     global_step = 600
08/04/2020 23:41:06 - INFO - __main__ -     train_loss = 4.0016
08/04/2020 23:41:06 - INFO - __main__ -     ********************
08/04/2020 23:41:07 - INFO - __main__ -     Best ppl:42.1368
08/04/2020 23:41:07 - INFO - __main__ -     ********************
Total: 1000
08/04/2020 23:57:35 - INFO - __main__ -     bleu-4 = 25.94 
08/04/2020 23:57:35 - INFO - __main__ -     ********************
loss 3.7573:  30%|¨€¨€¨€¨€¨€¨€¨€¨€¨€¨€¨€¨€¨€¨€¨€¨€¨€¨€¨€¨€¨€¨€¨€¨€¨€¨€¨€¨€¨€¨€¨€¨€¨€¨€¨€¨€¨€¨€¨€¨€¨ƒ                                                                                               | 898/3000 [43:55<20:05,  1.74it/s]08/05/2020 00:00:25 - INFO - __main__ -
***** Running evaluation *****
08/05/2020 00:00:25 - INFO - __main__ -     Num examples = 5946
08/05/2020 00:00:25 - INFO - __main__ -     Batch size = 6
08/05/2020 00:03:03 - INFO - __main__ -     eval_ppl = 35.10684
08/05/2020 00:03:03 - INFO - __main__ -     global_step = 900
08/05/2020 00:03:03 - INFO - __main__ -     train_loss = 3.7573
08/05/2020 00:03:03 - INFO - __main__ -     ********************
08/05/2020 00:03:04 - INFO - __main__ -     Best ppl:35.10684
08/05/2020 00:03:04 - INFO - __main__ -     ********************
Total: 1000
08/05/2020 00:21:26 - INFO - __main__ -     bleu-4 = 28.03 
08/05/2020 00:21:26 - INFO - __main__ -     ********************
08/05/2020 00:21:26 - INFO - __main__ -     Best bleu:28.03
08/05/2020 00:21:26 - INFO - __main__ -     ********************
loss 3.564:  40%|¨€¨€¨€¨€¨€¨€¨€¨€¨€¨€¨€¨€¨€¨€¨€¨€¨€¨€¨€¨€¨€¨€¨€¨€¨€¨€¨€¨€¨€¨€¨€¨€¨€¨€¨€¨€¨€¨€¨€¨€¨€¨€¨€¨€¨€¨€¨€¨€¨€¨€¨€¨€¨€¨„                                                                                | 1198/3000 [1:07:36<15:54,  1.89it/s]08/05/2020 00:24:06 - INFO - __main__ -
***** Running evaluation *****
08/05/2020 00:24:06 - INFO - __main__ -     Num examples = 5946
08/05/2020 00:24:06 - INFO - __main__ -     Batch size = 6
08/05/2020 00:26:27 - INFO - __main__ -     eval_ppl = 31.39321
08/05/2020 00:26:27 - INFO - __main__ -     global_step = 1200
08/05/2020 00:26:27 - INFO - __main__ -     train_loss = 3.564
08/05/2020 00:26:27 - INFO - __main__ -     ********************
08/05/2020 00:26:28 - INFO - __main__ -     Best ppl:31.39321
08/05/2020 00:26:28 - INFO - __main__ -     ********************
Total: 1000
08/05/2020 00:43:30 - INFO - __main__ -     bleu-4 = 28.6 
08/05/2020 00:43:30 - INFO - __main__ -     ********************
08/05/2020 00:43:30 - INFO - __main__ -     Best bleu:28.6
08/05/2020 00:43:30 - INFO - __main__ -     ********************
loss 3.4596:  50%|¨€¨€¨€¨€¨€¨€¨€¨€¨€¨€¨€¨€¨€¨€¨€¨€¨€¨€¨€¨€¨€¨€¨€¨€¨€¨€¨€¨€¨€¨€¨€¨€¨€¨€¨€¨€¨€¨€¨€¨€¨€¨€¨€¨€¨€¨€¨€¨€¨€¨€¨€¨€¨€¨€¨€¨€¨€¨€¨€¨€¨€¨€¨€¨€¨€¨€¨…                                                                  | 1498/3000 [1:29:44<13:28,  1.86it/s]08/05/2020 00:46:14 - INFO - __main__ -
***** Running evaluation *****
08/05/2020 00:46:14 - INFO - __main__ -     Num examples = 5946
08/05/2020 00:46:14 - INFO - __main__ -     Batch size = 6
08/05/2020 00:48:37 - INFO - __main__ -     eval_ppl = 28.53821
08/05/2020 00:48:37 - INFO - __main__ -     global_step = 1500
08/05/2020 00:48:37 - INFO - __main__ -     train_loss = 3.4596
08/05/2020 00:48:37 - INFO - __main__ -     ********************
08/05/2020 00:48:38 - INFO - __main__ -     Best ppl:28.53821
08/05/2020 00:48:38 - INFO - __main__ -     ********************
Total: 1000
08/05/2020 01:05:22 - INFO - __main__ -     bleu-4 = 28.97 
08/05/2020 01:05:22 - INFO - __main__ -     ********************
08/05/2020 01:05:22 - INFO - __main__ -     Best bleu:28.97
08/05/2020 01:05:22 - INFO - __main__ -     ********************
loss 3.4249:  60%|¨€¨€¨€¨€¨€¨€¨€¨€¨€¨€¨€¨€¨€¨€¨€¨€¨€¨€¨€¨€¨€¨€¨€¨€¨€¨€¨€¨€¨€¨€¨€¨€¨€¨€¨€¨€¨€¨€¨€¨€¨€¨€¨€¨€¨€¨€¨€¨€¨€¨€¨€¨€¨€¨€¨€¨€¨€¨€¨€¨€¨€¨€¨€¨€¨€¨€¨€¨€¨€¨€¨€¨€¨€¨€¨€¨€¨€¨€¨€¨ƒ                                                     | 1798/3000 [1:51:39<10:54,  1.84it/s]08/05/2020 01:08:09 - INFO - __main__ -
***** Running evaluation *****
08/05/2020 01:08:09 - INFO - __main__ -     Num examples = 5946
08/05/2020 01:08:09 - INFO - __main__ -     Batch size = 6
08/05/2020 01:10:33 - INFO - __main__ -     eval_ppl = 26.65231
08/05/2020 01:10:33 - INFO - __main__ -     global_step = 1800
08/05/2020 01:10:33 - INFO - __main__ -     train_loss = 3.4249
08/05/2020 01:10:33 - INFO - __main__ -     ********************
08/05/2020 01:10:34 - INFO - __main__ -     Best ppl:26.65231
08/05/2020 01:10:34 - INFO - __main__ -     ********************
Total: 1000
08/05/2020 01:27:10 - INFO - __main__ -     bleu-4 = 29.39 
08/05/2020 01:27:10 - INFO - __main__ -     ********************
08/05/2020 01:27:10 - INFO - __main__ -     Best bleu:29.39
08/05/2020 01:27:10 - INFO - __main__ -     ********************
loss 3.3224:  70%|¨€¨€¨€¨€¨€¨€¨€¨€¨€¨€¨€¨€¨€¨€¨€¨€¨€¨€¨€¨€¨€¨€¨€¨€¨€¨€¨€¨€¨€¨€¨€¨€¨€¨€¨€¨€¨€¨€¨€¨€¨€¨€¨€¨€¨€¨€¨€¨€¨€¨€¨€¨€¨€¨€¨€¨€¨€¨€¨€¨€¨€¨€¨€¨€¨€¨€¨€¨€¨€¨€¨€¨€¨€¨€¨€¨€¨€¨€¨€¨€¨€¨€¨€¨€¨€¨€¨€¨€¨€¨€¨€¨€¨€                                        | 2098/3000 [2:13:20<07:59,  1.88it/s]08/05/2020 01:29:50 - INFO - __main__ -
***** Running evaluation *****
08/05/2020 01:29:50 - INFO - __main__ -     Num examples = 5946
08/05/2020 01:29:50 - INFO - __main__ -     Batch size = 6
08/05/2020 01:32:11 - INFO - __main__ -     eval_ppl = 25.36651
08/05/2020 01:32:11 - INFO - __main__ -     global_step = 2100
08/05/2020 01:32:11 - INFO - __main__ -     train_loss = 3.3224
08/05/2020 01:32:11 - INFO - __main__ -     ********************
08/05/2020 01:32:12 - INFO - __main__ -     Best ppl:25.36651
08/05/2020 01:32:12 - INFO - __main__ -     ********************
Total: 1000
08/05/2020 01:48:42 - INFO - __main__ -     bleu-4 = 29.56 
08/05/2020 01:48:42 - INFO - __main__ -     ********************
08/05/2020 01:48:42 - INFO - __main__ -     Best bleu:29.56
08/05/2020 01:48:42 - INFO - __main__ -     ********************
loss 3.3129:  80%|¨€¨€¨€¨€¨€¨€¨€¨€¨€¨€¨€¨€¨€¨€¨€¨€¨€¨€¨€¨€¨€¨€¨€¨€¨€¨€¨€¨€¨€¨€¨€¨€¨€¨€¨€¨€¨€¨€¨€¨€¨€¨€¨€¨€¨€¨€¨€¨€¨€¨€¨€¨€¨€¨€¨€¨€¨€¨€¨€¨€¨€¨€¨€¨€¨€¨€¨€¨€¨€¨€¨€¨€¨€¨€¨€¨€¨€¨€¨€¨€¨€¨€¨€¨€¨€¨€¨€¨€¨€¨€¨€¨€¨€¨€¨€¨€¨€¨€¨€¨€¨€¨€¨€¨€¨€¨€¨†                          | 2398/3000 [2:34:53<05:23,  1.86it/s]08/05/2020 01:51:23 - INFO - __main__ -
***** Running evaluation *****
08/05/2020 01:51:23 - INFO - __main__ -     Num examples = 5946
08/05/2020 01:51:23 - INFO - __main__ -     Batch size = 6
08/05/2020 01:53:44 - INFO - __main__ -     eval_ppl = 24.61795
08/05/2020 01:53:44 - INFO - __main__ -     global_step = 2400
08/05/2020 01:53:44 - INFO - __main__ -     train_loss = 3.3129
08/05/2020 01:53:44 - INFO - __main__ -     ********************
08/05/2020 01:53:45 - INFO - __main__ -     Best ppl:24.61795
08/05/2020 01:53:45 - INFO - __main__ -     ********************
Total: 1000
08/05/2020 02:10:36 - INFO - __main__ -     bleu-4 = 29.77 
08/05/2020 02:10:36 - INFO - __main__ -     ********************
08/05/2020 02:10:36 - INFO - __main__ -     Best bleu:29.77
08/05/2020 02:10:36 - INFO - __main__ -     ********************
loss 3.2549:  90%|¨€¨€¨€¨€¨€¨€¨€¨€¨€¨€¨€¨€¨€¨€¨€¨€¨€¨€¨€¨€¨€¨€¨€¨€¨€¨€¨€¨€¨€¨€¨€¨€¨€¨€¨€¨€¨€¨€¨€¨€¨€¨€¨€¨€¨€¨€¨€¨€¨€¨€¨€¨€¨€¨€¨€¨€¨€¨€¨€¨€¨€¨€¨€¨€¨€¨€¨€¨€¨€¨€¨€¨€¨€¨€¨€¨€¨€¨€¨€¨€¨€¨€¨€¨€¨€¨€¨€¨€¨€¨€¨€¨€¨€¨€¨€¨€¨€¨€¨€¨€¨€¨€¨€¨€¨€¨€¨€¨€¨€¨€¨€¨€¨€¨€¨€¨€¨€¨€¨€¨„             | 2698/3000 [2:56:48<02:39,  1.89it/s]08/05/2020 02:13:18 - INFO - __main__ -
***** Running evaluation *****
08/05/2020 02:13:18 - INFO - __main__ -     Num examples = 5946
08/05/2020 02:13:18 - INFO - __main__ -     Batch size = 6
08/05/2020 02:15:39 - INFO - __main__ -     eval_ppl = 24.06889
08/05/2020 02:15:39 - INFO - __main__ -     global_step = 2700
08/05/2020 02:15:39 - INFO - __main__ -     train_loss = 3.2549
08/05/2020 02:15:39 - INFO - __main__ -     ********************
08/05/2020 02:15:40 - INFO - __main__ -     Best ppl:24.06889
08/05/2020 02:15:40 - INFO - __main__ -     ********************
Total: 1000
08/05/2020 02:32:39 - INFO - __main__ -     bleu-4 = 29.86
08/05/2020 02:32:39 - INFO - __main__ -     ********************
08/05/2020 02:32:39 - INFO - __main__ -     Best bleu:29.86
08/05/2020 02:32:39 - INFO - __main__ -     ********************
loss 3.2394: 100%|¨€¨€¨€¨€¨€¨€¨€¨€¨€¨€¨€¨€¨€¨€¨€¨€¨€¨€¨€¨€¨€¨€¨€¨€¨€¨€¨€¨€¨€¨€¨€¨€¨€¨€¨€¨€¨€¨€¨€¨€¨€¨€¨€¨€¨€¨€¨€¨€¨€¨€¨€¨€¨€¨€¨€¨€¨€¨€¨€¨€¨€¨€¨€¨€¨€¨€¨€¨€¨€¨€¨€¨€¨€¨€¨€¨€¨€¨€¨€¨€¨€¨€¨€¨€¨€¨€¨€¨€¨€¨€¨€¨€¨€¨€¨€¨€¨€¨€¨€¨€¨€¨€¨€¨€¨€¨€¨€¨€¨€¨€¨€¨€¨€¨€¨€¨€¨€¨€¨€¨€¨€¨€¨€¨€¨€¨€¨€¨€¨€¨€¨€¨€¨| 2998/3000 [3:18:52<00:01,  1.88it/s]08/05/2020 02:35:22 - INFO - __main__ -
***** Running evaluation *****
08/05/2020 02:35:22 - INFO - __main__ -     Num examples = 5946
08/05/2020 02:35:22 - INFO - __main__ -     Batch size = 6
08/05/2020 02:37:43 - INFO - __main__ -     eval_ppl = 23.91652
08/05/2020 02:37:43 - INFO - __main__ -     global_step = 3000
08/05/2020 02:37:43 - INFO - __main__ -     train_loss = 3.2394
08/05/2020 02:37:43 - INFO - __main__ -     ********************
08/05/2020 02:37:45 - INFO - __main__ -     Best ppl:23.91652
08/05/2020 02:37:45 - INFO - __main__ -     ********************
Total: 1000
08/05/2020 02:54:54 - INFO - __main__ -     bleu-4 = 29.85
08/05/2020 02:54:54 - INFO - __main__ -     ********************
loss 3.3705: 100%|¨€¨€¨€¨€¨€¨€¨€¨€¨€¨€¨€¨€¨€¨€¨€¨€¨€¨€¨€¨€¨€¨€¨€¨€¨€¨€¨€¨€¨€¨€¨€¨€¨€¨€¨€¨€¨€¨€¨€¨€¨€¨€¨€¨€¨€¨€¨€¨€¨€¨€¨€¨€¨€¨€¨€¨€¨€¨€¨€¨€¨€¨€¨€¨€¨€¨€¨€¨€¨€¨€¨€¨€¨€¨€¨€¨€¨€¨€¨€¨€¨€¨€¨€¨€¨€¨€¨€¨€¨€¨€¨€¨€¨€¨€¨€¨€¨€¨€¨€¨€¨€¨€¨€¨€¨€¨€¨€¨€¨€¨€¨€¨€¨€¨€¨€¨€¨€¨€¨€¨€¨€¨€¨€¨€¨€¨€¨€¨€¨€¨€¨€¨€¨€| 3000/3000 [3:38:25<00:00,  4.37s/it]