
F:\AIForProgram\CodeBERT>cd code2nl 

F:\AIForProgram\CodeBERT\code2nl>set lang=wiki_sql

F:\AIForProgram\CodeBERT\code2nl>set lr=5e-5

F:\AIForProgram\CodeBERT\code2nl>set batch_size=6

F:\AIForProgram\CodeBERT\code2nl>set beam_size=10

F:\AIForProgram\CodeBERT\code2nl>set source_length=256

F:\AIForProgram\CodeBERT\code2nl>set target_length=128

F:\AIForProgram\CodeBERT\code2nl>set data_dir=../code2nl/CodeSearchNet

F:\AIForProgram\CodeBERT\code2nl>set output_dir=model/wiki_sql

F:\AIForProgram\CodeBERT\code2nl>set train_file=../code2nl/CodeSearchNet/wiki_sql/train.jsonl

F:\AIForProgram\CodeBERT\code2nl>set dev_file=../code2nl/CodeSearchNet/wiki_sql/valid.jsonl

F:\AIForProgram\CodeBERT\code2nl>set eval_steps=600

F:\AIForProgram\CodeBERT\code2nl>set train_steps=20000

F:\AIForProgram\CodeBERT\code2nl>set pretrained_model=microsoft/codebert-base

F:\AIForProgram\CodeBERT\code2nl>python run.py --do_train --do_eval --model_type roberta --model_name_or_path microsoft/codebert-base --train_filename ../code2nl/CodeSearchNet/wiki_sql/train.jsonl --dev_filename ../code2nl/CodeSearchNet/wiki_sql/valid.jsonl --output_dir model/wiki_sql --max_source_length 256 --max_target_length 128 --beam_size 10 --train_batch_size 6 --eval_batch_size 6 --learning_rate 5e-5 --train_steps 20000 --eval_steps 600
2020-08-05 03:17:28.283462: I tensorflow/stream_executor/platform/default/dso_loader.cc:44] Successfully opened dynamic library cudart64_101.dll
08/05/2020 03:17:31 - INFO - __main__ -   Namespace(adam_epsilon=1e-08, beam_size=10, config_name='', dev_filename='../code2nl/CodeSearchNet/wiki_sql/valid.jsonl', do_eval=True, do_lower_case=False, do_test=False, do_train=True, eval_batch_size=6, eval_steps=600, gradient_accumulation_steps=1, learning_rate=5e-05, load_model_path=None, local_rank=-1, max_grad_norm=1.0, max_source_length=256, max_steps=-1, max_target_length=128, model_name_or_path='microsoft/codebert-base', model_type='roberta', no_cuda=False, num_train_epochs=3.0, output_dir='model/wiki_sql', seed=42, test_filename=None, tokenizer_name='', train_batch_size=6, train_filename='../code2nl/CodeSearchNet/wiki_sql/train.jsonl', train_steps=20000, warmup_steps=0, weight_decay=0.0)
08/05/2020 03:17:31 - WARNING - __main__ -   Process rank: -1, device: cuda, n_gpu: 1, distributed training: False
08/05/2020 03:17:31 - INFO - transformers.configuration_utils -   loading configuration file https://s3.amazonaws.com/models.huggingface.co/bert/microsoft/codebert-base/config.json from cache at C:\Users\Administrator\.cache\torch\transformers\1b62771d5f5169b34713b0af1ab85d80e11f7b1812fbf3ee7d03a866c5f58e72.06eb31f0a63f4e8a136733ccac422f0abf9ffa87c3e61104b57e7075a704d008       
08/05/2020 03:17:31 - INFO - transformers.configuration_utils -   Model config RobertaConfig {
  "architectures": [
    "RobertaModel"
  ],
  "attention_probs_dropout_prob": 0.1,
  "bos_token_id": 0,
  "do_sample": false,
  "eos_token_id": 2,
  "eos_token_ids": 0,
  "finetuning_task": null,
  "hidden_act": "gelu",
  "hidden_dropout_prob": 0.1,
  "hidden_size": 768,
  "id2label": {
    "0": "LABEL_0",
    "1": "LABEL_1"
  },
  "initializer_range": 0.02,
  "intermediate_size": 3072,
  "is_decoder": false,
  "label2id": {
    "LABEL_0": 0,
    "LABEL_1": 1
  },
  "layer_norm_eps": 1e-05,
  "length_penalty": 1.0,
  "max_length": 20,
  "max_position_embeddings": 514,
  "model_type": "roberta",
  "num_attention_heads": 12,
  "num_beams": 1,
  "num_hidden_layers": 12,
  "num_labels": 2,
  "num_return_sequences": 1,
  "output_attentions": false,
  "output_hidden_states": false,
  "output_past": true,
  "pad_token_id": 1,
  "pruned_heads": {},
  "repetition_penalty": 1.0,
  "temperature": 1.0,
  "top_k": 50,
  "top_p": 1.0,
  "torchscript": false,
  "type_vocab_size": 1,
  "use_bfloat16": false,
  "vocab_size": 50265
}

08/05/2020 03:17:32 - INFO - transformers.tokenization_utils -   Model name 'microsoft/codebert-base' not found in model shortcut name list (roberta-base, roberta-large, roberta-large-mnli, 
distilroberta-base, roberta-base-openai-detector, roberta-large-openai-detector). Assuming 'microsoft/codebert-base' is a path, a model identifier, or url to a directory containing tokenizer files.
08/05/2020 03:17:34 - INFO - transformers.tokenization_utils -   loading file https://s3.amazonaws.com/models.huggingface.co/bert/microsoft/codebert-base/vocab.json from cache at C:\Users\Administrator\.cache\torch\transformers\aca4dbdf4f074d4e071c2664901fec33c8aa69c35aa0101bc669ed4b44d1f6c3.6a4061e8fc00057d21d80413635a86fdcf55b6e7594ad9e25257d2f99a02f4be
08/05/2020 03:17:34 - INFO - transformers.tokenization_utils -   loading file https://s3.amazonaws.com/models.huggingface.co/bert/microsoft/codebert-base/merges.txt from cache at C:\Users\Administrator\.cache\torch\transformers\779a2f0c38ba2ff65d9a3ee23e58db9568f44a20865c412365e3dc540f01743f.70bec105b4158ed9a1747fea67a43f5dee97855c64d62b6ec3742f4cfdb5feda
08/05/2020 03:17:34 - INFO - transformers.tokenization_utils -   loading file https://s3.amazonaws.com/models.huggingface.co/bert/microsoft/codebert-base/added_tokens.json from cache at None
08/05/2020 03:17:34 - INFO - transformers.tokenization_utils -   loading file https://s3.amazonaws.com/models.huggingface.co/bert/microsoft/codebert-base/special_tokens_map.json from cache at C:\Users\Administrator\.cache\torch\transformers\5a191080da4f00859b5d3d29529f57894583e00ab07b7c940d65c33db4b25d4d.16f949018cf247a2ea7465a74ca9a292212875e5fd72f969e0807011e7f192e4
08/05/2020 03:17:34 - INFO - transformers.tokenization_utils -   loading file https://s3.amazonaws.com/models.huggingface.co/bert/microsoft/codebert-base/tokenizer_config.json from cache at 
C:\Users\Administrator\.cache\torch\transformers\1b4723c5fb2d933e11c399450ea233aaf33f093b5cbef3ec864624735380e490.70b5dbd5d3b9b4c9bfb3d1f6464291ff52f6a8d96358899aa3834e173b45092d
08/05/2020 03:17:35 - INFO - transformers.modeling_utils -   loading weights file https://s3.amazonaws.com/models.huggingface.co/bert/microsoft/codebert-base/pytorch_model.bin from cache at 
C:\Users\Administrator\.cache\torch\transformers\3416309b564f60f87c1bc2ce8d8a82bb7c1e825b241c816482f750b48a5cdc26.96251fe4478bac0cff9de8ae3201e5847cee59aebbcafdfe6b2c361f9398b349
08/05/2020 03:17:41 - INFO - __main__ -   *** Example ***
08/05/2020 03:17:41 - INFO - __main__ -   idx: 0
08/05/2020 03:17:41 - INFO - __main__ -   source_tokens: ['<s>', 'What', '_is', '_every', '_number', '_when', '_the', '_player', '_is', '_A', 'ig', 'ars', '_Vit', 'ols', '?', '</s>']        
08/05/2020 03:17:41 - INFO - __main__ -   source_ids: 0 2264 16 358 346 77 5 869 16 83 1023 2726 24589 11925 116 2 1 1 1 1 1 1 1 1 1 1 1 1 1 1 1 1 1 1 1 1 1 1 1 1 1 1 1 1 1 1 1 1 1 1 1 1 1 1 1 1 1 1 1 1 1 1 1 1 1 1 1 1 1 1 1 1 1 1 1 1 1 1 1 1 1 1 1 1 1 1 1 1 1 1 1 1 1 1 1 1 1 1 1 1 1 1 1 1 1 1 1 1 1 1 1 1 1 1 1 1 1 1 1 1 1 1 1 1 1 1 1 1 1 1 1 1 1 1 1 1 1 1 1 1 1 1 1 1 1 1 1 1 1 1 1 1 1 1 1 1 1 1 1 1 1 1 1 1 1 1 1 1 1 1 1 1 1 1 1 1 1 1 1 1 1 1 1 1 1 1 1 1 1 1 1 1 1 1 1 1 1 1 1 1 1 1 1 1 1 1 1 1 1 1 1 1 1 1 1 1 1 1 1 1 1 1 1 1 1 1 1 1 1 1 1 1 1 1 1 1 1 1 1 1 1 1 1 1 1 1 1 1 1 1 1 1 1 1 1 1
08/05/2020 03:17:41 - INFO - __main__ -   source_mask: 1 1 1 1 1 1 1 1 1 1 1 1 1 1 1 1 0 0 0 0 0 0 0 0 0 0 0 0 0 0 0 0 0 0 0 0 0 0 0 0 0 0 0 0 0 0 0 0 0 0 0 0 0 0 0 0 0 0 0 0 0 0 0 0 0 0 0 0 0 0 0 0 0 0 0 0 0 0 0 0 0 0 0 0 0 0 0 0 0 0 0 0 0 0 0 0 0 0 0 0 0 0 0 0 0 0 0 0 0 0 0 0 0 0 0 0 0 0 0 0 0 0 0 0 0 0 0 0 0 0 0 0 0 0 0 0 0 0 0 0 0 0 0 0 0 0 0 0 0 0 0 0 0 0 0 0 0 0 0 0 0 0 0 0 0 0 0 0 0 0 0 0 0 0 0 0 0 0 0 0 0 0 0 0 0 0 0 0 0 0 0 0 0 0 0 0 0 0 0 0 0 0 0 0 0 0 0 0 0 0 0 0 0 0 0 0 0 0 0 0 0 0 0 0 0 0 0 0 0 0 0 0 0 0 0 0 0 0 0 0 0 0 0 0 0 0 0 0 0 0 0 0 0 0 0 0    
08/05/2020 03:17:41 - INFO - __main__ -   target_tokens: ['<s>', 'SELECT', '_No', '_FROM', '_table', '_', '1', '_', '23', '67', '00', '57', '_', '7', '_WHERE', '_Player', '_=', '_A', 'ig', 'ars', '_Vit', 'ols', '</s>']
08/05/2020 03:17:41 - INFO - __main__ -   target_ids: 0 49179 440 11974 2103 1215 134 1215 1922 4111 612 4390 1215 406 29919 8251 5457 83 1023 2726 24589 11925 2 1 1 1 1 1 1 1 1 1 1 1 1 1 1 
1 1 1 1 1 1 1 1 1 1 1 1 1 1 1 1 1 1 1 1 1 1 1 1 1 1 1 1 1 1 1 1 1 1 1 1 1 1 1 1 1 1 1 1 1 1 1 1 1 1 1 1 1 1 1 1 1 1 1 1 1 1 1 1 1 1 1 1 1 1 1 1 1 1 1 1 1 1 1 1 1 1 1 1 1 1 1 1 1 1 1
08/05/2020 03:17:41 - INFO - __main__ -   target_mask: 1 1 1 1 1 1 1 1 1 1 1 1 1 1 1 1 1 1 1 1 1 1 1 0 0 0 0 0 0 0 0 0 0 0 0 0 0 0 0 0 0 0 0 0 0 0 0 0 0 0 0 0 0 0 0 0 0 0 0 0 0 0 0 0 0 0 0 0 0 0 0 0 0 0 0 0 0 0 0 0 0 0 0 0 0 0 0 0 0 0 0 0 0 0 0 0 0 0 0 0 0 0 0 0 0 0 0 0 0 0 0 0 0 0 0 0 0 0 0 0 0 0 0 0 0 0 0 0
08/05/2020 03:17:42 - INFO - __main__ -   *** Example ***
08/05/2020 03:17:42 - INFO - __main__ -   idx: 1
08/05/2020 03:17:42 - INFO - __main__ -   source_tokens: ['<s>', 'What', '_is', '_the', '_River', '_Mile', '_with', '_a', '_R', 'DB', '_lock', '_side', '_and', '_a', '_pool', '_length', '_of', '_55', '_.', '_4', '?', '</s>']
08/05/2020 03:17:42 - INFO - __main__ -   source_ids: 0 2264 16 5 1995 14640 19 10 248 10842 7014 526 8 10 3716 5933 9 3490 479 204 116 2 1 1 1 1 1 1 1 1 1 1 1 1 1 1 1 1 1 1 1 1 1 1 1 1 1 1 
1 1 1 1 1 1 1 1 1 1 1 1 1 1 1 1 1 1 1 1 1 1 1 1 1 1 1 1 1 1 1 1 1 1 1 1 1 1 1 1 1 1 1 1 1 1 1 1 1 1 1 1 1 1 1 1 1 1 1 1 1 1 1 1 1 1 1 1 1 1 1 1 1 1 1 1 1 1 1 1 1 1 1 1 1 1 1 1 1 1 1 1 1 1 1 
1 1 1 1 1 1 1 1 1 1 1 1 1 1 1 1 1 1 1 1 1 1 1 1 1 1 1 1 1 1 1 1 1 1 1 1 1 1 1 1 1 1 1 1 1 1 1 1 1 1 1 1 1 1 1 1 1 1 1 1 1 1 1 1 1 1 1 1 1 1 1 1 1 1 1 1 1 1 1 1 1 1 1 1 1 1 1 1 1 1 1 1 1 1 1 
1 1 1 1 1 1 1 1 1 1 1 1 1 1 1 1 1 1
08/05/2020 03:17:42 - INFO - __main__ -   source_mask: 1 1 1 1 1 1 1 1 1 1 1 1 1 1 1 1 1 1 1 1 1 1 0 0 0 0 0 0 0 0 0 0 0 0 0 0 0 0 0 0 0 0 0 0 0 0 0 0 0 0 0 0 0 0 0 0 0 0 0 0 0 0 0 0 0 0 0 0 0 0 0 0 0 0 0 0 0 0 0 0 0 0 0 0 0 0 0 0 0 0 0 0 0 0 0 0 0 0 0 0 0 0 0 0 0 0 0 0 0 0 0 0 0 0 0 0 0 0 0 0 0 0 0 0 0 0 0 0 0 0 0 0 0 0 0 0 0 0 0 0 0 0 0 0 0 0 0 0 0 0 0 0 0 0 0 0 0 0 0 0 0 0 0 0 0 0 0 0 0 0 0 0 0 0 0 0 0 0 0 0 0 0 0 0 0 0 0 0 0 0 0 0 0 0 0 0 0 0 0 0 0 0 0 0 0 0 0 0 0 0 0 0 0 0 0 0 0 0 0 0 0 0 0 0 0 0 0 0 0 0 0 0 0 0 0 0 0 0 0 0 0 0 0 0 0 0 0 0 0 0 0 0 0 0 0 0    
08/05/2020 03:17:42 - INFO - __main__ -   target_tokens: ['<s>', 'SELECT', '_River', '_Mile', '_FROM', '_table', '_', '2', '_', '18', '62', '12', '04', '_', '2', '_WHERE', '_Lock', '_Side', 
'_=', '_r', 'db', '_AND', '_Pool', '_Length', '_(', '_miles', '_)', '_=', '_55', '_.', '_4', '</s>']
08/05/2020 03:17:42 - INFO - __main__ -   target_ids: 0 49179 1995 14640 11974 2103 1215 176 1215 1366 5379 1092 3387 1215 176 29919 11647 9120 5457 910 33845 4248 13906 41852 36 1788 4839 5457 3490 479 204 2 1 1 1 1 1 1 1 1 1 1 1 1 1 1 1 1 1 1 1 1 1 1 1 1 1 1 1 1 1 1 1 1 1 1 1 1 1 1 1 1 1 1 1 1 1 1 1 1 1 1 1 1 1 1 1 1 1 1 1 1 1 1 1 1 1 1 1 1 1 1 1 1 1 1 1 1 1 1 1 1 1 1 1 1 1 1 1 1 1 1 1 1 1 1 1 1
08/05/2020 03:17:42 - INFO - __main__ -   target_mask: 1 1 1 1 1 1 1 1 1 1 1 1 1 1 1 1 1 1 1 1 1 1 1 1 1 1 1 1 1 1 1 1 0 0 0 0 0 0 0 0 0 0 0 0 0 0 0 0 0 0 0 0 0 0 0 0 0 0 0 0 0 0 0 0 0 0 0 0 0 0 0 0 0 0 0 0 0 0 0 0 0 0 0 0 0 0 0 0 0 0 0 0 0 0 0 0 0 0 0 0 0 0 0 0 0 0 0 0 0 0 0 0 0 0 0 0 0 0 0 0 0 0 0 0 0 0 0 0
08/05/2020 03:17:42 - INFO - __main__ -   *** Example ***
08/05/2020 03:17:42 - INFO - __main__ -   idx: 2
08/05/2020 03:17:42 - INFO - __main__ -   source_tokens: ['<s>', 'What', '_s', '_the', '_Loss', '_for', '_the', '_game', '_that', '_had', '_a', '_22', '_-', '_24', '_record', '?', '</s>']   
08/05/2020 03:17:42 - INFO - __main__ -   source_ids: 0 2264 579 5 19700 13 5 177 14 56 10 820 111 706 638 116 2 1 1 1 1 1 1 1 1 1 1 1 1 1 1 1 1 1 1 1 1 1 1 1 1 1 1 1 1 1 1 1 1 1 1 1 1 1 1 1 1 1 1 1 1 1 1 1 1 1 1 1 1 1 1 1 1 1 1 1 1 1 1 1 1 1 1 1 1 1 1 1 1 1 1 1 1 1 1 1 1 1 1 1 1 1 1 1 1 1 1 1 1 1 1 1 1 1 1 1 1 1 1 1 1 1 1 1 1 1 1 1 1 1 1 1 1 1 1 1 1 1 1 1 1 1 1 1 1 1 1 1 1 1 1 1 1 1 1 1 1 1 1 1 1 1 1 1 1 1 1 1 1 1 1 1 1 1 1 1 1 1 1 1 1 1 1 1 1 1 1 1 1 1 1 1 1 1 1 1 1 1 1 1 1 1 1 1 1 1 1 1 1 1 1 1 1 1 1 1 1 1 1 1 1 1 1 1 1 1 1 1 1 1 1 1 1 1 1 1 1 1 1 1 1 1 1 1 1 1 1 1 1 1 1 1 1 1 1 1
08/05/2020 03:17:42 - INFO - __main__ -   source_mask: 1 1 1 1 1 1 1 1 1 1 1 1 1 1 1 1 1 0 0 0 0 0 0 0 0 0 0 0 0 0 0 0 0 0 0 0 0 0 0 0 0 0 0 0 0 0 0 0 0 0 0 0 0 0 0 0 0 0 0 0 0 0 0 0 0 0 0 0 0 0 0 0 0 0 0 0 0 0 0 0 0 0 0 0 0 0 0 0 0 0 0 0 0 0 0 0 0 0 0 0 0 0 0 0 0 0 0 0 0 0 0 0 0 0 0 0 0 0 0 0 0 0 0 0 0 0 0 0 0 0 0 0 0 0 0 0 0 0 0 0 0 0 0 0 0 0 0 0 0 0 0 0 0 0 0 0 0 0 0 0 0 0 0 0 0 0 0 0 0 0 0 0 0 0 0 0 0 0 0 0 0 0 0 0 0 0 0 0 0 0 0 0 0 0 0 0 0 0 0 0 0 0 0 0 0 0 0 0 0 0 0 0 0 0 0 0 0 0 0 0 0 0 0 0 0 0 0 0 0 0 0 0 0 0 0 0 0 0 0 0 0 0 0 0 0 0 0 0 0 0 0 0 0 0 0 0    
08/05/2020 03:17:42 - INFO - __main__ -   target_tokens: ['<s>', 'SELECT', '_Loss', '_FROM', '_table', '_', '2', '_', '14', '26', '95', '40', '_', '5', '_WHERE', '_Record', '_=', '_22', '_-', '_24', '</s>']
08/05/2020 03:17:42 - INFO - __main__ -   target_ids: 0 49179 19700 11974 2103 1215 176 1215 1570 2481 4015 1749 1215 245 29919 10788 5457 820 111 706 2 1 1 1 1 1 1 1 1 1 1 1 1 1 1 1 1 1 1 1 1 1 1 1 1 1 1 1 1 1 1 1 1 1 1 1 1 1 1 1 1 1 1 1 1 1 1 1 1 1 1 1 1 1 1 1 1 1 1 1 1 1 1 1 1 1 1 1 1 1 1 1 1 1 1 1 1 1 1 1 1 1 1 1 1 1 1 1 1 1 1 1 1 1 1 1 1 1 1 1 1 1 1 1 1 1 1 1
08/05/2020 03:17:42 - INFO - __main__ -   target_mask: 1 1 1 1 1 1 1 1 1 1 1 1 1 1 1 1 1 1 1 1 1 0 0 0 0 0 0 0 0 0 0 0 0 0 0 0 0 0 0 0 0 0 0 0 0 0 0 0 0 0 0 0 0 0 0 0 0 0 0 0 0 0 0 0 0 0 0 0 0 0 0 0 0 0 0 0 0 0 0 0 0 0 0 0 0 0 0 0 0 0 0 0 0 0 0 0 0 0 0 0 0 0 0 0 0 0 0 0 0 0 0 0 0 0 0 0 0 0 0 0 0 0 0 0 0 0 0 0
08/05/2020 03:17:42 - INFO - __main__ -   *** Example ***
08/05/2020 03:17:42 - INFO - __main__ -   idx: 3
08/05/2020 03:17:42 - INFO - __main__ -   source_tokens: ['<s>', 'What', '_is', '_D', '3', '®Æ', '?', '_D', '3', '®Æ', '?', '_[', '_', '®¶', '?', '®∫', '°§', '_]', '_when', '_', '®∞', '?', '_', '®∞', '?', '_[', '_', '®∫', '?', '_/', '_', '®¶', '°Í', '_]', '_is', '_', '®∞', '?', '_', '®∞', '?', '_[', '_t', '®™', '?', '®∫', '?', '®∫', '?', '_]', '_?', '</s>']
08/05/2020 03:17:42 - INFO - __main__ -   source_ids: 0 2264 16 18697 15264 49013 27 18697 15264 49013 27 646 1437 35423 5543 38155 18400 27779 77 1437 48561 15722 1437 48561 15722 646 1437 
38155 10172 1589 1437 35423 2469 27779 16 1437 48561 9470 1437 48561 9470 646 326 48254 5543 38155 9264 38155 4394 27779 17487 2 1 1 1 1 1 1 1 1 1 1 1 1 1 1 1 1 1 1 1 1 1 1 1 1 1 1 1 1 1 1 1 1 1 1 1 1 1 1 1 1 1 1 1 1 1 1 1 1 1 1 1 1 1 1 1 1 1 1 1 1 1 1 1 1 1 1 1 1 1 1 1 1 1 1 1 1 1 1 1 1 1 1 1 1 1 1 1 1 1 1 1 1 1 1 1 1 1 1 1 1 1 1 1 1 1 1 1 1 1 1 1 1 1 1 1 1 1 1 1 1 1 1 1 1 1 1 1 1 1 1 1 1 1 1 1 1 1 1 1 1 1 1 1 1 1 1 1 1 1 1 1 1 1 1 1 1 1 1 1 1 1 1 1 1 1 1 1 1 1 1 1 1 1 1 1 1 1 1 1 1 1 1 1 1 1 1 1 1 1 1 1 1 1 1 1 1 1 1 1 1 1 1 1 1
08/05/2020 03:17:42 - INFO - __main__ -   source_mask: 1 1 1 1 1 1 1 1 1 1 1 1 1 1 1 1 1 1 1 1 1 1 1 1 1 1 1 1 1 1 1 1 1 1 1 1 1 1 1 1 1 1 1 1 1 1 1 1 1 1 1 1 0 0 0 0 0 0 0 0 0 0 0 0 0 0 0 0 0 0 0 0 0 0 0 0 0 0 0 0 0 0 0 0 0 0 0 0 0 0 0 0 0 0 0 0 0 0 0 0 0 0 0 0 0 0 0 0 0 0 0 0 0 0 0 0 0 0 0 0 0 0 0 0 0 0 0 0 0 0 0 0 0 0 0 0 0 0 0 0 0 0 0 0 0 0 0 0 0 0 0 0 0 0 0 0 0 0 0 0 0 0 0 0 0 0 0 0 0 0 0 0 0 0 0 0 0 0 0 0 0 0 0 0 0 0 0 0 0 0 0 0 0 0 0 0 0 0 0 0 0 0 0 0 0 0 0 0 0 0 0 0 0 0 0 0 0 0 0 0 0 0 0 0 0 0 0 0 0 0 0 0 0 0 0 0 0 0 0 0 0 0 0 0 0 0 0 0 0 0 0 0 0 0 0 0    
08/05/2020 03:17:42 - INFO - __main__ -   target_tokens: ['<s>', 'SELECT', '_D', '?', '®Æ', '?', '_D', '3', '®Æ', '?', '_[', '_', '®¶', '?', '®∫', '°§', '_]', '_FROM', '_table', '_', '1', '_', '20', '23', '65', '_', '2', '_WHERE', '_', '®∞', '?', '_', '®∞', '?', '_[', '_', '®∫', '?', '_/', '_', '®¶', '°Í', '_]', '_=', '_', '®∞', '?', '_', '®∞', '?', '_[', '_t', '®™', '?', '®∫', '?', '®∫', '?', '_]', '</s>']
08/05/2020 03:17:42 - INFO - __main__ -   target_ids: 0 49179 18697 9085 49013 27 18697 15264 49013 27 646 1437 35423 5543 38155 18400 27779 11974 2103 1215 134 1215 844 1922 3506 1215 176 29919 1437 48561 10674 1437 48561 15722 646 1437 38155 10172 1589 1437 35423 2469 27779 5457 1437 48561 4726 1437 48561 9470 646 326 48254 5543 38155 9264 38155 4394 27779 2 1 1 1 1 1 1 1 1 1 1 1 1 1 1 1 1 1 1 1 1 1 1 1 1 1 1 1 1 1 1 1 1 1 1 1 1 1 1 1 1 1 1 1 1 1 1 1 1 1 1 1 1 1 1 1 1 1 1 1 1 1 1 1 1 1 1 1 1
08/05/2020 03:17:42 - INFO - __main__ -   target_mask: 1 1 1 1 1 1 1 1 1 1 1 1 1 1 1 1 1 1 1 1 1 1 1 1 1 1 1 1 1 1 1 1 1 1 1 1 1 1 1 1 1 1 1 1 1 1 1 1 1 1 1 1 1 1 1 1 1 1 1 1 0 0 0 0 0 0 0 0 0 0 0 0 0 0 0 0 0 0 0 0 0 0 0 0 0 0 0 0 0 0 0 0 0 0 0 0 0 0 0 0 0 0 0 0 0 0 0 0 0 0 0 0 0 0 0 0 0 0 0 0 0 0 0 0 0 0 0 0
08/05/2020 03:17:42 - INFO - __main__ -   *** Example ***
08/05/2020 03:17:42 - INFO - __main__ -   idx: 4
08/05/2020 03:17:42 - INFO - __main__ -   source_tokens: ['<s>', 'When', '_22', '_is', '_the', '_number', '_what', '_is', '_the', '_episode', '_title', '?', '</s>']
08/05/2020 03:17:42 - INFO - __main__ -   source_ids: 0 1779 820 16 5 346 99 16 5 3238 1270 116 2 1 1 1 1 1 1 1 1 1 1 1 1 1 1 1 1 1 1 1 1 1 1 1 1 1 1 1 1 1 1 1 1 1 1 1 1 1 1 1 1 1 1 1 1 1 1 
1 1 1 1 1 1 1 1 1 1 1 1 1 1 1 1 1 1 1 1 1 1 1 1 1 1 1 1 1 1 1 1 1 1 1 1 1 1 1 1 1 1 1 1 1 1 1 1 1 1 1 1 1 1 1 1 1 1 1 1 1 1 1 1 1 1 1 1 1 1 1 1 1 1 1 1 1 1 1 1 1 1 1 1 1 1 1 1 1 1 1 1 1 1 1 
1 1 1 1 1 1 1 1 1 1 1 1 1 1 1 1 1 1 1 1 1 1 1 1 1 1 1 1 1 1 1 1 1 1 1 1 1 1 1 1 1 1 1 1 1 1 1 1 1 1 1 1 1 1 1 1 1 1 1 1 1 1 1 1 1 1 1 1 1 1 1 1 1 1 1 1 1 1 1 1 1 1 1 1 1 1 1 1 1 1 1 1 1 1 1 
1 1 1 1 1 1 1
08/05/2020 03:17:42 - INFO - __main__ -   source_mask: 1 1 1 1 1 1 1 1 1 1 1 1 1 0 0 0 0 0 0 0 0 0 0 0 0 0 0 0 0 0 0 0 0 0 0 0 0 0 0 0 0 0 0 0 0 0 0 0 0 0 0 0 0 0 0 0 0 0 0 0 0 0 0 0 0 0 0 0 0 0 0 0 0 0 0 0 0 0 0 0 0 0 0 0 0 0 0 0 0 0 0 0 0 0 0 0 0 0 0 0 0 0 0 0 0 0 0 0 0 0 0 0 0 0 0 0 0 0 0 0 0 0 0 0 0 0 0 0 0 0 0 0 0 0 0 0 0 0 0 0 0 0 0 0 0 0 0 0 0 0 0 0 0 0 0 0 0 0 0 0 0 0 0 0 0 0 0 0 0 0 0 0 0 0 0 0 0 0 0 0 0 0 0 0 0 0 0 0 0 0 0 0 0 0 0 0 0 0 0 0 0 0 0 0 0 0 0 0 0 0 0 0 0 0 0 0 0 0 0 0 0 0 0 0 0 0 0 0 0 0 0 0 0 0 0 0 0 0 0 0 0 0 0 0 0 0 0 0 0 0 0 0 0 0 0 0    
08/05/2020 03:17:42 - INFO - __main__ -   target_tokens: ['<s>', 'SELECT', '_Episode', '_title', '_FROM', '_table', '_', '1', '_', '294', '75', '589', '_', '3', '_WHERE', '_No', '_.', '_=', 
'_22', '</s>']
08/05/2020 03:17:42 - INFO - __main__ -   target_ids: 0 49179 16012 1270 11974 2103 1215 134 1215 32004 2545 40017 1215 246 29919 440 479 5457 820 2 1 1 1 1 1 1 1 1 1 1 1 1 1 1 1 1 1 1 1 1 1 1 1 1 1 1 1 1 1 1 1 1 1 1 1 1 1 1 1 1 1 1 1 1 1 1 1 1 1 1 1 1 1 1 1 1 1 1 1 1 1 1 1 1 1 1 1 1 1 1 1 1 1 1 1 1 1 1 1 1 1 1 1 1 1 1 1 1 1 1 1 1 1 1 1 1 1 1 1 1 1 1 1 1 1 1 1 1
08/05/2020 03:17:43 - INFO - __main__ -   target_mask: 1 1 1 1 1 1 1 1 1 1 1 1 1 1 1 1 1 1 1 1 0 0 0 0 0 0 0 0 0 0 0 0 0 0 0 0 0 0 0 0 0 0 0 0 0 0 0 0 0 0 0 0 0 0 0 0 0 0 0 0 0 0 0 0 0 0 0 0 0 0 0 0 0 0 0 0 0 0 0 0 0 0 0 0 0 0 0 0 0 0 0 0 0 0 0 0 0 0 0 0 0 0 0 0 0 0 0 0 0 0 0 0 0 0 0 0 0 0 0 0 0 0 0 0 0 0 0 0
08/05/2020 03:17:59 - INFO - __main__ -   ***** Running training *****
08/05/2020 03:17:59 - INFO - __main__ -     Num examples = 54208
08/05/2020 03:17:59 - INFO - __main__ -     Batch size = 6
08/05/2020 03:17:59 - INFO - __main__ -     Num epoch = 2
loss 3.6543:   3%|®Ä®Ä®Ä®Å                                                                                                                                 | 598/20000 [05:22<2:58:10,  1.81it/s]08/05/2020 03:23:24 - INFO - __main__ -
***** Running evaluation *****
08/05/2020 03:23:24 - INFO - __main__ -     Num examples = 5946
08/05/2020 03:23:24 - INFO - __main__ -     Batch size = 6
08/05/2020 03:25:51 - INFO - __main__ -     eval_ppl = 18.94866
08/05/2020 03:25:51 - INFO - __main__ -     global_step = 600
08/05/2020 03:25:51 - INFO - __main__ -     train_loss = 3.6543
08/05/2020 03:25:51 - INFO - __main__ -     ********************
08/05/2020 03:25:52 - INFO - __main__ -     Best ppl:18.94866
08/05/2020 03:25:52 - INFO - __main__ -     ********************
Total: 1000
08/05/2020 03:44:20 - INFO - __main__ -     bleu-4 = 32.1
08/05/2020 03:44:20 - INFO - __main__ -     ********************
08/05/2020 03:44:20 - INFO - __main__ -     Best bleu:32.1
08/05/2020 03:44:20 - INFO - __main__ -     ********************
loss 2.6951:   6%|®Ä®Ä®Ä®Ä®Ä®Ä®Ä®Å                                                                                                                            | 1198/20000 [31:48<2:50:47,  1.83it/s]08/05/2020 03:49:48 - INFO - __main__ -
***** Running evaluation *****
08/05/2020 03:49:48 - INFO - __main__ -     Num examples = 5946
08/05/2020 03:49:48 - INFO - __main__ -     Batch size = 6
08/05/2020 03:52:24 - INFO - __main__ -     eval_ppl = 9.98772
08/05/2020 03:52:24 - INFO - __main__ -     global_step = 1200
08/05/2020 03:52:24 - INFO - __main__ -     train_loss = 2.6951
08/05/2020 03:52:24 - INFO - __main__ -     ********************
08/05/2020 03:52:26 - INFO - __main__ -     Best ppl:9.98772
08/05/2020 03:52:26 - INFO - __main__ -     ********************
Total: 1000
08/05/2020 04:10:37 - INFO - __main__ -     bleu-4 = 38.9 
08/05/2020 04:10:37 - INFO - __main__ -     ********************
08/05/2020 04:10:37 - INFO - __main__ -     Best bleu:38.9
08/05/2020 04:10:37 - INFO - __main__ -     ********************
loss 2.2221:   9%|®Ä®Ä®Ä®Ä®Ä®Ä®Ä®Ä®Ä®Ä®Ä®Ç                                                                                                                        | 1798/20000 [58:05<2:45:00,  1.84it/s]08/05/2020 04:16:04 - INFO - __main__ -
***** Running evaluation *****
08/05/2020 04:16:04 - INFO - __main__ -     Num examples = 5946
08/05/2020 04:16:04 - INFO - __main__ -     Batch size = 6
08/05/2020 04:18:30 - INFO - __main__ -     eval_ppl = 7.23594
08/05/2020 04:18:30 - INFO - __main__ -     global_step = 1800
08/05/2020 04:18:30 - INFO - __main__ -     train_loss = 2.2221
08/05/2020 04:18:30 - INFO - __main__ -     ********************
08/05/2020 04:18:31 - INFO - __main__ -     Best ppl:7.23594
08/05/2020 04:18:31 - INFO - __main__ -     ********************
Total: 1000
08/05/2020 04:39:26 - INFO - __main__ -     bleu-4 = 42.07 
08/05/2020 04:39:26 - INFO - __main__ -     ********************
08/05/2020 04:39:26 - INFO - __main__ -     Best bleu:42.07
08/05/2020 04:39:26 - INFO - __main__ -     ********************
loss 1.9282:  12%|®Ä®Ä®Ä®Ä®Ä®Ä®Ä®Ä®Ä®Ä®Ä®Ä®Ä®Ä®Ä®Ñ                                                                                                                  | 2398/20000 [1:26:55<2:40:32,  1.83it/s]08/05/2020 04:44:55 - INFO - __main__ -
***** Running evaluation *****
08/05/2020 04:44:55 - INFO - __main__ -     Num examples = 5946
08/05/2020 04:44:55 - INFO - __main__ -     Batch size = 6
08/05/2020 04:47:21 - INFO - __main__ -     eval_ppl = 5.5489
08/05/2020 04:47:21 - INFO - __main__ -     global_step = 2400
08/05/2020 04:47:21 - INFO - __main__ -     train_loss = 1.9282
08/05/2020 04:47:21 - INFO - __main__ -     ********************
08/05/2020 04:47:22 - INFO - __main__ -     Best ppl:5.5489
08/05/2020 04:47:22 - INFO - __main__ -     ********************
Total: 1000
08/05/2020 05:07:01 - INFO - __main__ -     bleu-4 = 45.08 
08/05/2020 05:07:01 - INFO - __main__ -     ********************
08/05/2020 05:07:01 - INFO - __main__ -     Best bleu:45.08
08/05/2020 05:07:01 - INFO - __main__ -     ********************
loss 1.7197:  15%|®Ä®Ä®Ä®Ä®Ä®Ä®Ä®Ä®Ä®Ä®Ä®Ä®Ä®Ä®Ä®Ä®Ä®Ä®Ä®Ö                                                                                                              | 2998/20000 [1:55:20<2:36:54,  1.81it/s]08/05/2020 05:13:20 - INFO - __main__ -
***** Running evaluation *****
08/05/2020 05:13:20 - INFO - __main__ -     Num examples = 5946
08/05/2020 05:13:20 - INFO - __main__ -     Batch size = 6
08/05/2020 05:15:50 - INFO - __main__ -     eval_ppl = 4.9452
08/05/2020 05:15:50 - INFO - __main__ -     global_step = 3000
08/05/2020 05:15:50 - INFO - __main__ -     train_loss = 1.7197
08/05/2020 05:15:50 - INFO - __main__ -     ********************
08/05/2020 05:15:51 - INFO - __main__ -     Best ppl:4.9452
08/05/2020 05:15:51 - INFO - __main__ -     ********************
Total: 1000
08/05/2020 05:35:20 - INFO - __main__ -     bleu-4 = 48.88 
08/05/2020 05:35:20 - INFO - __main__ -     ********************
08/05/2020 05:35:20 - INFO - __main__ -     Best bleu:48.88
08/05/2020 05:35:20 - INFO - __main__ -     ********************
loss 1.6195:  18%|®Ä®Ä®Ä®Ä®Ä®Ä®Ä®Ä®Ä®Ä®Ä®Ä®Ä®Ä®Ä®Ä®Ä®Ä®Ä®Ä®Ä®Ä®Ä®Ö                                                                                                          | 3598/20000 [2:22:54<2:32:21,  1.79it/s]08/05/2020 05:40:53 - INFO - __main__ -
***** Running evaluation *****
08/05/2020 05:40:53 - INFO - __main__ -     Num examples = 5946
08/05/2020 05:40:53 - INFO - __main__ -     Batch size = 6
08/05/2020 05:43:20 - INFO - __main__ -     eval_ppl = 4.48937
08/05/2020 05:43:20 - INFO - __main__ -     global_step = 3600
08/05/2020 05:43:20 - INFO - __main__ -     train_loss = 1.6195
08/05/2020 05:43:20 - INFO - __main__ -     ********************
08/05/2020 05:43:22 - INFO - __main__ -     Best ppl:4.48937
08/05/2020 05:43:22 - INFO - __main__ -     ********************
Total: 1000
08/05/2020 06:04:45 - INFO - __main__ -     bleu-4 = 46.54 
08/05/2020 06:04:45 - INFO - __main__ -     ********************
loss 1.5141:  21%|®Ä®Ä®Ä®Ä®Ä®Ä®Ä®Ä®Ä®Ä®Ä®Ä®Ä®Ä®Ä®Ä®Ä®Ä®Ä®Ä®Ä®Ä®Ä®Ä®Ä®Ä®Ä®Ü                                                                                                      | 4198/20000 [2:52:21<2:23:16,  1.84it/s]08/05/2020 06:10:21 - INFO - __main__ -
***** Running evaluation *****
08/05/2020 06:10:21 - INFO - __main__ -     Num examples = 5946
08/05/2020 06:10:21 - INFO - __main__ -     Batch size = 6
08/05/2020 06:12:50 - INFO - __main__ -     eval_ppl = 4.1838
08/05/2020 06:12:50 - INFO - __main__ -     global_step = 4200
08/05/2020 06:12:50 - INFO - __main__ -     train_loss = 1.5141
08/05/2020 06:12:50 - INFO - __main__ -     ********************
08/05/2020 06:12:51 - INFO - __main__ -     Best ppl:4.1838
08/05/2020 06:12:51 - INFO - __main__ -     ********************
Total: 1000
08/05/2020 06:32:01 - INFO - __main__ -     bleu-4 = 50.08 
08/05/2020 06:32:01 - INFO - __main__ -     ********************
08/05/2020 06:32:01 - INFO - __main__ -     Best bleu:50.08
08/05/2020 06:32:01 - INFO - __main__ -     ********************
loss 1.4306:  24%|®Ä®Ä®Ä®Ä®Ä®Ä®Ä®Ä®Ä®Ä®Ä®Ä®Ä®Ä®Ä®Ä®Ä®Ä®Ä®Ä®Ä®Ä®Ä®Ä®Ä®Ä®Ä®Ä®Ä®Ä®Ä®á                                                                                                  | 4798/20000 [3:19:35<2:20:19,  1.81it/s]08/05/2020 06:37:35 - INFO - __main__ -
***** Running evaluation *****
08/05/2020 06:37:35 - INFO - __main__ -     Num examples = 5946
08/05/2020 06:37:35 - INFO - __main__ -     Batch size = 6
08/05/2020 06:40:03 - INFO - __main__ -     eval_ppl = 3.96999
08/05/2020 06:40:03 - INFO - __main__ -     global_step = 4800
08/05/2020 06:40:03 - INFO - __main__ -     train_loss = 1.4306
08/05/2020 06:40:03 - INFO - __main__ -     ********************
08/05/2020 06:40:04 - INFO - __main__ -     Best ppl:3.96999
08/05/2020 06:40:04 - INFO - __main__ -     ********************
Total: 1000
08/05/2020 06:59:07 - INFO - __main__ -     bleu-4 = 54.69
08/05/2020 06:59:07 - INFO - __main__ -     ********************
08/05/2020 06:59:07 - INFO - __main__ -     Best bleu:54.69
08/05/2020 06:59:07 - INFO - __main__ -     ********************
loss 1.4071:  27%|®Ä®Ä®Ä®Ä®Ä®Ä®Ä®Ä®Ä®Ä®Ä®Ä®Ä®Ä®Ä®Ä®Ä®Ä®Ä®Ä®Ä®Ä®Ä®Ä®Ä®Ä®Ä®Ä®Ä®Ä®Ä®Ä®Ä®Ä®Ä                                                                                               | 5398/20000 [3:46:44<2:16:27,  1.78it/s]08/05/2020 07:04:44 - INFO - __main__ -
***** Running evaluation *****
08/05/2020 07:04:44 - INFO - __main__ -     Num examples = 5946
08/05/2020 07:04:44 - INFO - __main__ -     Batch size = 6
08/05/2020 07:07:12 - INFO - __main__ -     eval_ppl = 3.79163
08/05/2020 07:07:12 - INFO - __main__ -     global_step = 5400
08/05/2020 07:07:12 - INFO - __main__ -     train_loss = 1.4071
08/05/2020 07:07:12 - INFO - __main__ -     ********************
08/05/2020 07:07:13 - INFO - __main__ -     Best ppl:3.79163
08/05/2020 07:07:13 - INFO - __main__ -     ********************
Total: 1000
08/05/2020 07:26:03 - INFO - __main__ -     bleu-4 = 51.33
08/05/2020 07:26:03 - INFO - __main__ -     ********************
loss 1.3631:  30%|®Ä®Ä®Ä®Ä®Ä®Ä®Ä®Ä®Ä®Ä®Ä®Ä®Ä®Ä®Ä®Ä®Ä®Ä®Ä®Ä®Ä®Ä®Ä®Ä®Ä®Ä®Ä®Ä®Ä®Ä®Ä®Ä®Ä®Ä®Ä®Ä®Ä®Ä®Å                                                                                           | 5998/20000 [4:14:25<2:06:17,  1.85it/s]08/05/2020 07:32:25 - INFO - __main__ -
***** Running evaluation *****
08/05/2020 07:32:25 - INFO - __main__ -     Num examples = 5946
08/05/2020 07:32:25 - INFO - __main__ -     Batch size = 6
08/05/2020 07:34:50 - INFO - __main__ -     eval_ppl = 3.65627
08/05/2020 07:34:50 - INFO - __main__ -     global_step = 6000
08/05/2020 07:34:50 - INFO - __main__ -     train_loss = 1.3631
08/05/2020 07:34:50 - INFO - __main__ -     ********************
08/05/2020 07:34:51 - INFO - __main__ -     Best ppl:3.65627
08/05/2020 07:34:51 - INFO - __main__ -     ********************
Total: 1000
08/05/2020 07:52:43 - INFO - __main__ -     bleu-4 = 52.06 
08/05/2020 07:52:43 - INFO - __main__ -     ********************
loss 1.326:  33%|®Ä®Ä®Ä®Ä®Ä®Ä®Ä®Ä®Ä®Ä®Ä®Ä®Ä®Ä®Ä®Ä®Ä®Ä®Ä®Ä®Ä®Ä®Ä®Ä®Ä®Ä®Ä®Ä®Ä®Ä®Ä®Ä®Ä®Ä®Ä®Ä®Ä®Ä®Ä®Ä®Ä®Ä®Ä®á                                                                                       | 6598/20000 [4:40:05<1:59:02,  1.88it/s]08/05/2020 07:58:05 - INFO - __main__ -
***** Running evaluation *****
08/05/2020 07:58:05 - INFO - __main__ -     Num examples = 5946
08/05/2020 07:58:05 - INFO - __main__ -     Batch size = 6
08/05/2020 08:00:27 - INFO - __main__ -     eval_ppl = 3.59298
08/05/2020 08:00:27 - INFO - __main__ -     global_step = 6600
08/05/2020 08:00:27 - INFO - __main__ -     train_loss = 1.326
08/05/2020 08:00:27 - INFO - __main__ -     ********************
08/05/2020 08:00:29 - INFO - __main__ -     Best ppl:3.59298
08/05/2020 08:00:29 - INFO - __main__ -     ********************
Total: 1000
08/05/2020 08:18:39 - INFO - __main__ -     bleu-4 = 51.8 
08/05/2020 08:18:39 - INFO - __main__ -     ********************
loss 1.3043:  36%|®Ä®Ä®Ä®Ä®Ä®Ä®Ä®Ä®Ä®Ä®Ä®Ä®Ä®Ä®Ä®Ä®Ä®Ä®Ä®Ä®Ä®Ä®Ä®Ä®Ä®Ä®Ä®Ä®Ä®Ä®Ä®Ä®Ä®Ä®Ä®Ä®Ä®Ä®Ä®Ä®Ä®Ä®Ä®Ä®Ä®Ä®Ç                                                                                   | 7198/20000 [5:06:02<1:57:28,  1.82it/s]08/05/2020 08:24:01 - INFO - __main__ -
***** Running evaluation *****
08/05/2020 08:24:01 - INFO - __main__ -     Num examples = 5946
08/05/2020 08:24:01 - INFO - __main__ -     Batch size = 6
08/05/2020 08:26:24 - INFO - __main__ -     eval_ppl = 3.49872
08/05/2020 08:26:24 - INFO - __main__ -     global_step = 7200
08/05/2020 08:26:24 - INFO - __main__ -     train_loss = 1.3043
08/05/2020 08:26:24 - INFO - __main__ -     ********************
08/05/2020 08:26:25 - INFO - __main__ -     Best ppl:3.49872
08/05/2020 08:26:25 - INFO - __main__ -     ********************
Total: 1000
08/05/2020 08:44:03 - INFO - __main__ -     bleu-4 = 50.55 
08/05/2020 08:44:03 - INFO - __main__ -     ********************
loss 1.2642:  39%|®Ä®Ä®Ä®Ä®Ä®Ä®Ä®Ä®Ä®Ä®Ä®Ä®Ä®Ä®Ä®Ä®Ä®Ä®Ä®Ä®Ä®Ä®Ä®Ä®Ä®Ä®Ä®Ä®Ä®Ä®Ä®Ä®Ä®Ä®Ä®Ä®Ä®Ä®Ä®Ä®Ä®Ä®Ä®Ä®Ä®Ä®Ä®Ä®Ä®Ä®É                                                                               | 7798/20000 [5:31:24<1:48:35,  1.87it/s]08/05/2020 08:49:24 - INFO - __main__ -
***** Running evaluation *****
08/05/2020 08:49:24 - INFO - __main__ -     Num examples = 5946
08/05/2020 08:49:24 - INFO - __main__ -     Batch size = 6
08/05/2020 08:51:46 - INFO - __main__ -     eval_ppl = 3.38858
08/05/2020 08:51:46 - INFO - __main__ -     global_step = 7800
08/05/2020 08:51:46 - INFO - __main__ -     train_loss = 1.2642
08/05/2020 08:51:46 - INFO - __main__ -     ********************
08/05/2020 08:51:48 - INFO - __main__ -     Best ppl:3.38858
08/05/2020 08:51:48 - INFO - __main__ -     ********************
Total: 1000
08/05/2020 09:09:43 - INFO - __main__ -     bleu-4 = 52.48 
08/05/2020 09:09:43 - INFO - __main__ -     ********************
loss 1.24:  42%|®Ä®Ä®Ä®Ä®Ä®Ä®Ä®Ä®Ä®Ä®Ä®Ä®Ä®Ä®Ä®Ä®Ä®Ä®Ä®Ä®Ä®Ä®Ä®Ä®Ä®Ä®Ä®Ä®Ä®Ä®Ä®Ä®Ä®Ä®Ä®Ä®Ä®Ä®Ä®Ä®Ä®Ä®Ä®Ä®Ä®Ä®Ä®Ä®Ä®Ä®Ä®Ä®Ä®Ä®Ä®Ö                                                                            | 8398/20000 [5:57:05<1:45:05,  1.84it/s]08/05/2020 09:15:05 - INFO - __main__ -
***** Running evaluation *****
08/05/2020 09:15:05 - INFO - __main__ -     Num examples = 5946
08/05/2020 09:15:05 - INFO - __main__ -     Batch size = 6
08/05/2020 09:17:28 - INFO - __main__ -     eval_ppl = 3.36575
08/05/2020 09:17:28 - INFO - __main__ -     global_step = 8400
08/05/2020 09:17:28 - INFO - __main__ -     train_loss = 1.24
08/05/2020 09:17:28 - INFO - __main__ -     ********************
08/05/2020 09:17:30 - INFO - __main__ -     Best ppl:3.36575
08/05/2020 09:17:30 - INFO - __main__ -     ********************
Total: 1000
08/05/2020 09:35:47 - INFO - __main__ -     bleu-4 = 53.79 
08/05/2020 09:35:47 - INFO - __main__ -     ********************
loss 1.2146:  45%|®Ä®Ä®Ä®Ä®Ä®Ä®Ä®Ä®Ä®Ä®Ä®Ä®Ä®Ä®Ä®Ä®Ä®Ä®Ä®Ä®Ä®Ä®Ä®Ä®Ä®Ä®Ä®Ä®Ä®Ä®Ä®Ä®Ä®Ä®Ä®Ä®Ä®Ä®Ä®Ä®Ä®Ä®Ä®Ä®Ä®Ä®Ä®Ä®Ä®Ä®Ä®Ä®Ä®Ä®Ä®Ä®Ä®Ä®Ö                                                                       | 8998/20000 [6:23:10<1:38:25,  1.86it/s]08/05/2020 09:41:10 - INFO - __main__ -
***** Running evaluation *****
08/05/2020 09:41:10 - INFO - __main__ -     Num examples = 5946
08/05/2020 09:41:10 - INFO - __main__ -     Batch size = 6
08/05/2020 09:43:32 - INFO - __main__ -     eval_ppl = 3.26267
08/05/2020 09:43:32 - INFO - __main__ -     global_step = 9000
08/05/2020 09:43:32 - INFO - __main__ -     train_loss = 1.2146
08/05/2020 09:43:32 - INFO - __main__ -     ********************
08/05/2020 09:43:34 - INFO - __main__ -     Best ppl:3.26267
08/05/2020 09:43:34 - INFO - __main__ -     ********************
Total: 1000
08/05/2020 10:01:10 - INFO - __main__ -     bleu-4 = 58.59 
08/05/2020 10:01:10 - INFO - __main__ -     ********************
08/05/2020 10:01:10 - INFO - __main__ -     Best bleu:58.59
08/05/2020 10:01:10 - INFO - __main__ -     ********************
loss 1.1533:  48%|®Ä®Ä®Ä®Ä®Ä®Ä®Ä®Ä®Ä®Ä®Ä®Ä®Ä®Ä®Ä®Ä®Ä®Ä®Ä®Ä®Ä®Ä®Ä®Ä®Ä®Ä®Ä®Ä®Ä®Ä®Ä®Ä®Ä®Ä®Ä®Ä®Ä®Ä®Ä®Ä®Ä®Ä®Ä®Ä®Ä®Ä®Ä®Ä®Ä®Ä®Ä®Ä®Ä®Ä®Ä®Ä®Ä®Ä®Ä®Ä®Ä®Ä®Ö                                                                   | 9598/20000 [6:48:35<1:32:01,  1.88it/s]08/05/2020 10:06:35 - INFO - __main__ -
***** Running evaluation *****
08/05/2020 10:06:35 - INFO - __main__ -     Num examples = 5946
08/05/2020 10:06:35 - INFO - __main__ -     Batch size = 6
08/05/2020 10:08:58 - INFO - __main__ -     eval_ppl = 3.22932
08/05/2020 10:08:58 - INFO - __main__ -     global_step = 9600
08/05/2020 10:08:58 - INFO - __main__ -     train_loss = 1.1533
08/05/2020 10:08:58 - INFO - __main__ -     ********************
08/05/2020 10:08:59 - INFO - __main__ -     Best ppl:3.22932
08/05/2020 10:08:59 - INFO - __main__ -     ********************
Total: 1000
08/05/2020 10:26:53 - INFO - __main__ -     bleu-4 = 56.32 
08/05/2020 10:26:53 - INFO - __main__ -     ********************
loss 1.1399:  51%|®Ä®Ä®Ä®Ä®Ä®Ä®Ä®Ä®Ä®Ä®Ä®Ä®Ä®Ä®Ä®Ä®Ä®Ä®Ä®Ä®Ä®Ä®Ä®Ä®Ä®Ä®Ä®Ä®Ä®Ä®Ä®Ä®Ä®Ä®Ä®Ä®Ä®Ä®Ä®Ä®Ä®Ä®Ä®Ä®Ä®Ä®Ä®Ä®Ä®Ä®Ä®Ä®Ä®Ä®Ä®Ä®Ä®Ä®Ä®Ä®Ä®Ä®Ä®Ä®Ä®Ç                                                               | 10198/20000 [7:14:16<1:26:52,  1.88it/s]08/05/2020 10:32:15 - INFO - __main__ -
***** Running evaluation *****
08/05/2020 10:32:15 - INFO - __main__ -     Num examples = 5946
08/05/2020 10:32:15 - INFO - __main__ -     Batch size = 6
08/05/2020 10:34:40 - INFO - __main__ -     eval_ppl = 3.20095
08/05/2020 10:34:40 - INFO - __main__ -     global_step = 10200
08/05/2020 10:34:40 - INFO - __main__ -     train_loss = 1.1399
08/05/2020 10:34:40 - INFO - __main__ -     ********************
08/05/2020 10:34:41 - INFO - __main__ -     Best ppl:3.20095
08/05/2020 10:34:41 - INFO - __main__ -     ********************
Total: 1000
08/05/2020 10:52:57 - INFO - __main__ -     bleu-4 = 53.2 
08/05/2020 10:52:57 - INFO - __main__ -     ********************
loss 1.0928:  54%|®Ä®Ä®Ä®Ä®Ä®Ä®Ä®Ä®Ä®Ä®Ä®Ä®Ä®Ä®Ä®Ä®Ä®Ä®Ä®Ä®Ä®Ä®Ä®Ä®Ä®Ä®Ä®Ä®Ä®Ä®Ä®Ä®Ä®Ä®Ä®Ä®Ä®Ä®Ä®Ä®Ä®Ä®Ä®Ä®Ä®Ä®Ä®Ä®Ä®Ä®Ä®Ä®Ä®Ä®Ä®Ä®Ä®Ä®Ä®Ä®Ä®Ä®Ä®Ä®Ä®Ä®Ä®Ä®Ä®É                                                           | 10798/20000 [7:40:19<1:22:51,  1.85it/s]08/05/2020 10:58:18 - INFO - __main__ -
***** Running evaluation *****
08/05/2020 10:58:18 - INFO - __main__ -     Num examples = 5946
08/05/2020 10:58:18 - INFO - __main__ -     Batch size = 6
08/05/2020 11:00:41 - INFO - __main__ -     eval_ppl = 3.12495
08/05/2020 11:00:41 - INFO - __main__ -     global_step = 10800
08/05/2020 11:00:41 - INFO - __main__ -     train_loss = 1.0928
08/05/2020 11:00:41 - INFO - __main__ -     ********************
08/05/2020 11:00:42 - INFO - __main__ -     Best ppl:3.12495
08/05/2020 11:00:42 - INFO - __main__ -     ********************
Total: 1000
08/05/2020 11:18:13 - INFO - __main__ -     bleu-4 = 56.46 
08/05/2020 11:18:13 - INFO - __main__ -     ********************
loss 1.07:  57%|®Ä®Ä®Ä®Ä®Ä®Ä®Ä®Ä®Ä®Ä®Ä®Ä®Ä®Ä®Ä®Ä®Ä®Ä®Ä®Ä®Ä®Ä®Ä®Ä®Ä®Ä®Ä®Ä®Ä®Ä®Ä®Ä®Ä®Ä®Ä®Ä®Ä®Ä®Ä®Ä®Ä®Ä®Ä®Ä®Ä®Ä®Ä®Ä®Ä®Ä®Ä®Ä®Ä®Ä®Ä®Ä®Ä®Ä®Ä®Ä®Ä®Ä®Ä®Ä®Ä®Ä®Ä®Ä®Ä®Ä®Ä®Ä®Ä®Ä®É                                                        | 11398/20000 [8:05:36<1:16:17,  1.88it/s]08/05/2020 11:23:36 - INFO - __main__ -
***** Running evaluation *****
08/05/2020 11:23:36 - INFO - __main__ -     Num examples = 5946
08/05/2020 11:23:36 - INFO - __main__ -     Batch size = 6
08/05/2020 11:25:59 - INFO - __main__ -     eval_ppl = 3.10251
08/05/2020 11:25:59 - INFO - __main__ -     global_step = 11400
08/05/2020 11:25:59 - INFO - __main__ -     train_loss = 1.07
08/05/2020 11:25:59 - INFO - __main__ -     ********************
08/05/2020 11:26:00 - INFO - __main__ -     Best ppl:3.10251
08/05/2020 11:26:00 - INFO - __main__ -     ********************
Total: 1000
08/05/2020 11:43:43 - INFO - __main__ -     bleu-4 = 59.16 
08/05/2020 11:43:43 - INFO - __main__ -     ********************
08/05/2020 11:43:43 - INFO - __main__ -     Best bleu:59.16
08/05/2020 11:43:43 - INFO - __main__ -     ********************
loss 1.0307:  60%|®Ä®Ä®Ä®Ä®Ä®Ä®Ä®Ä®Ä®Ä®Ä®Ä®Ä®Ä®Ä®Ä®Ä®Ä®Ä®Ä®Ä®Ä®Ä®Ä®Ä®Ä®Ä®Ä®Ä®Ä®Ä®Ä®Ä®Ä®Ä®Ä®Ä®Ä®Ä®Ä®Ä®Ä®Ä®Ä®Ä®Ä®Ä®Ä®Ä®Ä®Ä®Ä®Ä®Ä®Ä®Ä®Ä®Ä®Ä®Ä®Ä®Ä®Ä®Ä®Ä®Ä®Ä®Ä®Ä®Ä®Ä®Ä®Ä®Ä®Ä®Ä®Ä®Ö                                                   | 11998/20000 [8:31:07<1:11:19,  1.87it/s]08/05/2020 11:49:06 - INFO - __main__ -
***** Running evaluation *****
08/05/2020 11:49:06 - INFO - __main__ -     Num examples = 5946
08/05/2020 11:49:06 - INFO - __main__ -     Batch size = 6
08/05/2020 11:51:29 - INFO - __main__ -     eval_ppl = 3.09975
08/05/2020 11:51:29 - INFO - __main__ -     global_step = 12000
08/05/2020 11:51:29 - INFO - __main__ -     train_loss = 1.0307
08/05/2020 11:51:29 - INFO - __main__ -     ********************
08/05/2020 11:51:30 - INFO - __main__ -     Best ppl:3.09975
08/05/2020 11:51:30 - INFO - __main__ -     ********************
Total: 1000
08/05/2020 12:08:39 - INFO - __main__ -     bleu-4 = 60.23 
08/05/2020 12:08:39 - INFO - __main__ -     ********************
08/05/2020 12:08:39 - INFO - __main__ -     Best bleu:60.23
08/05/2020 12:08:39 - INFO - __main__ -     ********************
loss 1.0245:  63%|®Ä®Ä®Ä®Ä®Ä®Ä®Ä®Ä®Ä®Ä®Ä®Ä®Ä®Ä®Ä®Ä®Ä®Ä®Ä®Ä®Ä®Ä®Ä®Ä®Ä®Ä®Ä®Ä®Ä®Ä®Ä®Ä®Ä®Ä®Ä®Ä®Ä®Ä®Ä®Ä®Ä®Ä®Ä®Ä®Ä®Ä®Ä®Ä®Ä®Ä®Ä®Ä®Ä®Ä®Ä®Ä®Ä®Ä®Ä®Ä®Ä®Ä®Ä®Ä®Ä®Ä®Ä®Ä®Ä®Ä®Ä®Ä®Ä®Ä®Ä®Ä®Ä®Ä®Ä®Ä®Ä®Ü                                               | 12598/20000 [8:56:03<1:06:20,  1.86it/s]08/05/2020 12:14:02 - INFO - __main__ -
***** Running evaluation *****
08/05/2020 12:14:02 - INFO - __main__ -     Num examples = 5946
08/05/2020 12:14:02 - INFO - __main__ -     Batch size = 6
08/05/2020 12:16:25 - INFO - __main__ -     eval_ppl = 3.03289
08/05/2020 12:16:25 - INFO - __main__ -     global_step = 12600
08/05/2020 12:16:25 - INFO - __main__ -     train_loss = 1.0245
08/05/2020 12:16:25 - INFO - __main__ -     ********************
08/05/2020 12:16:26 - INFO - __main__ -     Best ppl:3.03289
08/05/2020 12:16:26 - INFO - __main__ -     ********************
Total: 1000
08/05/2020 12:34:13 - INFO - __main__ -     bleu-4 = 59.63 
08/05/2020 12:34:13 - INFO - __main__ -     ********************
loss 1.0027:  66%|®Ä®Ä®Ä®Ä®Ä®Ä®Ä®Ä®Ä®Ä®Ä®Ä®Ä®Ä®Ä®Ä®Ä®Ä®Ä®Ä®Ä®Ä®Ä®Ä®Ä®Ä®Ä®Ä®Ä®Ä®Ä®Ä®Ä®Ä®Ä®Ä®Ä®Ä®Ä®Ä®Ä®Ä®Ä®Ä®Ä®Ä®Ä®Ä®Ä®Ä®Ä®Ä®Ä®Ä®Ä®Ä®Ä®Ä®Ä®Ä®Ä®Ä®Ä®Ä®Ä®Ä®Ä®Ä®Ä®Ä®Ä®Ä®Ä®Ä®Ä®Ä®Ä®Ä®Ä®Ä®Ä®Ä®Ä®Ä®Ä®á                                           | 13198/20000 [9:21:37<1:02:08,  1.82it/s]08/05/2020 12:39:36 - INFO - __main__ -
***** Running evaluation *****
08/05/2020 12:39:36 - INFO - __main__ -     Num examples = 5946
08/05/2020 12:39:36 - INFO - __main__ -     Batch size = 6
08/05/2020 12:42:00 - INFO - __main__ -     eval_ppl = 3.00765
08/05/2020 12:42:00 - INFO - __main__ -     global_step = 13200
08/05/2020 12:42:00 - INFO - __main__ -     train_loss = 1.0027
08/05/2020 12:42:00 - INFO - __main__ -     ********************
08/05/2020 12:42:01 - INFO - __main__ -     Best ppl:3.00765
08/05/2020 12:42:01 - INFO - __main__ -     ********************
Total: 1000
08/05/2020 12:59:41 - INFO - __main__ -     bleu-4 = 59.71 
08/05/2020 12:59:41 - INFO - __main__ -     ********************
loss 0.9733:  69%|®Ä®Ä®Ä®Ä®Ä®Ä®Ä®Ä®Ä®Ä®Ä®Ä®Ä®Ä®Ä®Ä®Ä®Ä®Ä®Ä®Ä®Ä®Ä®Ä®Ä®Ä®Ä®Ä®Ä®Ä®Ä®Ä®Ä®Ä®Ä®Ä®Ä®Ä®Ä®Ä®Ä®Ä®Ä®Ä®Ä®Ä®Ä®Ä®Ä®Ä®Ä®Ä®Ä®Ä®Ä®Ä®Ä®Ä®Ä®Ä®Ä®Ä®Ä®Ä®Ä®Ä®Ä®Ä®Ä®Ä®Ä®Ä®Ä®Ä®Ä®Ä®Ä®Ä®Ä®Ä®Ä®Ä®Ä®Ä®Ä®Ä®Ä®Ä®Ä®Ä®Ö                                        | 13798/20000 [9:47:05<55:43,  1.85it/s]08/05/2020 13:05:04 - INFO - __main__ -
***** Running evaluation *****
08/05/2020 13:05:04 - INFO - __main__ -     Num examples = 5946
08/05/2020 13:05:04 - INFO - __main__ -     Batch size = 6
08/05/2020 13:07:27 - INFO - __main__ -     eval_ppl = 2.97376
08/05/2020 13:07:27 - INFO - __main__ -     global_step = 13800
08/05/2020 13:07:27 - INFO - __main__ -     train_loss = 0.9733
08/05/2020 13:07:27 - INFO - __main__ -     ********************
08/05/2020 13:07:28 - INFO - __main__ -     Best ppl:2.97376
08/05/2020 13:07:28 - INFO - __main__ -     ********************
Total: 1000
08/05/2020 13:25:05 - INFO - __main__ -     bleu-4 = 60.33 
08/05/2020 13:25:05 - INFO - __main__ -     ********************
08/05/2020 13:25:05 - INFO - __main__ -     Best bleu:60.33
08/05/2020 13:25:05 - INFO - __main__ -     ********************
loss 0.9779:  72%|®Ä®Ä®Ä®Ä®Ä®Ä®Ä®Ä®Ä®Ä®Ä®Ä®Ä®Ä®Ä®Ä®Ä®Ä®Ä®Ä®Ä®Ä®Ä®Ä®Ä®Ä®Ä®Ä®Ä®Ä®Ä®Ä®Ä®Ä®Ä®Ä®Ä®Ä®Ä®Ä®Ä®Ä®Ä®Ä®Ä®Ä®Ä®Ä®Ä®Ä®Ä®Ä®Ä®Ä®Ä®Ä®Ä®Ä®Ä®Ä®Ä®Ä®Ä®Ä®Ä®Ä®Ä®Ä®Ä®Ä®Ä®Ä®Ä®Ä®Ä®Ä®Ä®Ä®Ä®Ä®Ä®Ä®Ä®Ä®Ä®Ä®Ä®Ä®Ä®Ä®Ä®Ä®Ä®Ñ                                    | 14398/20000 [10:12:31<49:53,  1.87it/s]08/05/2020 13:30:30 - INFO - __main__ -
***** Running evaluation *****
08/05/2020 13:30:30 - INFO - __main__ -     Num examples = 5946
08/05/2020 13:30:30 - INFO - __main__ -     Batch size = 6
08/05/2020 13:32:53 - INFO - __main__ -     eval_ppl = 2.95958
08/05/2020 13:32:53 - INFO - __main__ -     global_step = 14400
08/05/2020 13:32:53 - INFO - __main__ -     train_loss = 0.9779
08/05/2020 13:32:53 - INFO - __main__ -     ********************
08/05/2020 13:32:55 - INFO - __main__ -     Best ppl:2.95958
08/05/2020 13:32:55 - INFO - __main__ -     ********************
Total: 1000
08/05/2020 13:50:33 - INFO - __main__ -     bleu-4 = 60.92 
08/05/2020 13:50:33 - INFO - __main__ -     ********************
08/05/2020 13:50:33 - INFO - __main__ -     Best bleu:60.92
08/05/2020 13:50:33 - INFO - __main__ -     ********************
loss 0.9644:  75%|®Ä®Ä®Ä®Ä®Ä®Ä®Ä®Ä®Ä®Ä®Ä®Ä®Ä®Ä®Ä®Ä®Ä®Ä®Ä®Ä®Ä®Ä®Ä®Ä®Ä®Ä®Ä®Ä®Ä®Ä®Ä®Ä®Ä®Ä®Ä®Ä®Ä®Ä®Ä®Ä®Ä®Ä®Ä®Ä®Ä®Ä®Ä®Ä®Ä®Ä®Ä®Ä®Ä®Ä®Ä®Ä®Ä®Ä®Ä®Ä®Ä®Ä®Ä®Ä®Ä®Ä®Ä®Ä®Ä®Ä®Ä®Ä®Ä®Ä®Ä®Ä®Ä®Ä®Ä®Ä®Ä®Ä®Ä®Ä®Ä®Ä®Ä®Ä®Ä®Ä®Ä®Ä®Ä®Ä®Ä®Ä®Ä®Ö                                | 14998/20000 [10:37:58<44:24,  1.88it/s]08/05/2020 13:55:57 - INFO - __main__ -
***** Running evaluation *****
08/05/2020 13:55:57 - INFO - __main__ -     Num examples = 5946
08/05/2020 13:55:57 - INFO - __main__ -     Batch size = 6
08/05/2020 13:58:20 - INFO - __main__ -     eval_ppl = 2.95446
08/05/2020 13:58:20 - INFO - __main__ -     global_step = 15000
08/05/2020 13:58:20 - INFO - __main__ -     train_loss = 0.9644
08/05/2020 13:58:20 - INFO - __main__ -     ********************
08/05/2020 13:58:21 - INFO - __main__ -     Best ppl:2.95446
08/05/2020 13:58:21 - INFO - __main__ -     ********************
Total: 1000
08/05/2020 14:15:57 - INFO - __main__ -     bleu-4 = 60.72 
08/05/2020 14:15:57 - INFO - __main__ -     ********************
loss 0.9601:  78%|®Ä®Ä®Ä®Ä®Ä®Ä®Ä®Ä®Ä®Ä®Ä®Ä®Ä®Ä®Ä®Ä®Ä®Ä®Ä®Ä®Ä®Ä®Ä®Ä®Ä®Ä®Ä®Ä®Ä®Ä®Ä®Ä®Ä®Ä®Ä®Ä®Ä®Ä®Ä®Ä®Ä®Ä®Ä®Ä®Ä®Ä®Ä®Ä®Ä®Ä®Ä®Ä®Ä®Ä®Ä®Ä®Ä®Ä®Ä®Ä®Ä®Ä®Ä®Ä®Ä®Ä®Ä®Ä®Ä®Ä®Ä®Ä®Ä®Ä®Ä®Ä®Ä®Ä®Ä®Ä®Ä®Ä®Ä®Ä®Ä®Ä®Ä®Ä®Ä®Ä®Ä®Ä®Ä®Ä®Ä®Ä®Ä®Ä®Ä®Ä®Ä®Ö                            | 15598/20000 [11:03:20<39:05,  1.88it/s]08/05/2020 14:21:20 - INFO - __main__ -
***** Running evaluation *****
08/05/2020 14:21:20 - INFO - __main__ -     Num examples = 5946
08/05/2020 14:21:20 - INFO - __main__ -     Batch size = 6
08/05/2020 14:23:42 - INFO - __main__ -     eval_ppl = 2.9293
08/05/2020 14:23:42 - INFO - __main__ -     global_step = 15600
08/05/2020 14:23:42 - INFO - __main__ -     train_loss = 0.9601
08/05/2020 14:23:42 - INFO - __main__ -     ********************
08/05/2020 14:23:43 - INFO - __main__ -     Best ppl:2.9293
08/05/2020 14:23:44 - INFO - __main__ -     ********************
Total: 1000
08/05/2020 14:41:09 - INFO - __main__ -     bleu-4 = 60.64 
08/05/2020 14:41:09 - INFO - __main__ -     ********************
loss 0.9502:  81%|®Ä®Ä®Ä®Ä®Ä®Ä®Ä®Ä®Ä®Ä®Ä®Ä®Ä®Ä®Ä®Ä®Ä®Ä®Ä®Ä®Ä®Ä®Ä®Ä®Ä®Ä®Ä®Ä®Ä®Ä®Ä®Ä®Ä®Ä®Ä®Ä®Ä®Ä®Ä®Ä®Ä®Ä®Ä®Ä®Ä®Ä®Ä®Ä®Ä®Ä®Ä®Ä®Ä®Ä®Ä®Ä®Ä®Ä®Ä®Ä®Ä®Ä®Ä®Ä®Ä®Ä®Ä®Ä®Ä®Ä®Ä®Ä®Ä®Ä®Ä®Ä®Ä®Ä®Ä®Ä®Ä®Ä®Ä®Ä®Ä®Ä®Ä®Ä®Ä®Ä®Ä®Ä®Ä®Ä®Ä®Ä®Ä®Ä®Ä®Ä®Ä®Ä®Ä®Ä®Ä®Ü                        | 16198/20000 [11:28:26<33:41,  1.88it/s]08/05/2020 14:46:25 - INFO - __main__ -
***** Running evaluation *****
08/05/2020 14:46:25 - INFO - __main__ -     Num examples = 5946
08/05/2020 14:46:25 - INFO - __main__ -     Batch size = 6
08/05/2020 14:48:46 - INFO - __main__ -     eval_ppl = 2.89239
08/05/2020 14:48:46 - INFO - __main__ -     global_step = 16200
08/05/2020 14:48:46 - INFO - __main__ -     train_loss = 0.9502
08/05/2020 14:48:46 - INFO - __main__ -     ********************
08/05/2020 14:48:48 - INFO - __main__ -     Best ppl:2.89239
08/05/2020 14:48:48 - INFO - __main__ -     ********************
Total: 1000
08/05/2020 15:05:45 - INFO - __main__ -     bleu-4 = 61.37 
08/05/2020 15:05:45 - INFO - __main__ -     ********************
08/05/2020 15:05:45 - INFO - __main__ -     Best bleu:61.37
08/05/2020 15:05:45 - INFO - __main__ -     ********************
loss 0.9386:  84%|®Ä®Ä®Ä®Ä®Ä®Ä®Ä®Ä®Ä®Ä®Ä®Ä®Ä®Ä®Ä®Ä®Ä®Ä®Ä®Ä®Ä®Ä®Ä®Ä®Ä®Ä®Ä®Ä®Ä®Ä®Ä®Ä®Ä®Ä®Ä®Ä®Ä®Ä®Ä®Ä®Ä®Ä®Ä®Ä®Ä®Ä®Ä®Ä®Ä®Ä®Ä®Ä®Ä®Ä®Ä®Ä®Ä®Ä®Ä®Ä®Ä®Ä®Ä®Ä®Ä®Ä®Ä®Ä®Ä®Ä®Ä®Ä®Ä®Ä®Ä®Ä®Ä®Ä®Ä®Ä®Ä®Ä®Ä®Ä®Ä®Ä®Ä®Ä®Ä®Ä®Ä®Ä®Ä®Ä®Ä®Ä®Ä®Ä®Ä®Ä®Ä®Ä®Ä®Ä®Ä®Ä®Ä®Ä®Ä®á                    | 16798/20000 [11:53:02<28:04,  1.90it/s]08/05/2020 15:11:02 - INFO - __main__ -
***** Running evaluation *****
08/05/2020 15:11:02 - INFO - __main__ -     Num examples = 5946
08/05/2020 15:11:02 - INFO - __main__ -     Batch size = 6
08/05/2020 15:13:23 - INFO - __main__ -     eval_ppl = 2.88787
08/05/2020 15:13:23 - INFO - __main__ -     global_step = 16800
08/05/2020 15:13:23 - INFO - __main__ -     train_loss = 0.9386
08/05/2020 15:13:23 - INFO - __main__ -     ********************
08/05/2020 15:13:24 - INFO - __main__ -     Best ppl:2.88787
08/05/2020 15:13:24 - INFO - __main__ -     ********************
Total: 1000
08/05/2020 15:30:08 - INFO - __main__ -     bleu-4 = 60.54 
08/05/2020 15:30:08 - INFO - __main__ -     ********************
loss 0.9283:  87%|®Ä®Ä®Ä®Ä®Ä®Ä®Ä®Ä®Ä®Ä®Ä®Ä®Ä®Ä®Ä®Ä®Ä®Ä®Ä®Ä®Ä®Ä®Ä®Ä®Ä®Ä®Ä®Ä®Ä®Ä®Ä®Ä®Ä®Ä®Ä®Ä®Ä®Ä®Ä®Ä®Ä®Ä®Ä®Ä®Ä®Ä®Ä®Ä®Ä®Ä®Ä®Ä®Ä®Ä®Ä®Ä®Ä®Ä®Ä®Ä®Ä®Ä®Ä®Ä®Ä®Ä®Ä®Ä®Ä®Ä®Ä®Ä®Ä®Ä®Ä®Ä®Ä®Ä®Ä®Ä®Ä®Ä®Ä®Ä®Ä®Ä®Ä®Ä®Ä®Ä®Ä®Ä®Ä®Ä®Ä®Ä®Ä®Ä®Ä®Ä®Ä®Ä®Ä®Ä®Ä®Ä®Ä®Ä®Ä®Ä®Ä®Ä®Ä                 | 17398/20000 [12:17:26<22:42,  1.91it/s]08/05/2020 15:35:25 - INFO - __main__ -
***** Running evaluation *****
08/05/2020 15:35:25 - INFO - __main__ -     Num examples = 5946
08/05/2020 15:35:25 - INFO - __main__ -     Batch size = 6
08/05/2020 15:37:46 - INFO - __main__ -     eval_ppl = 2.86919
08/05/2020 15:37:46 - INFO - __main__ -     global_step = 17400
08/05/2020 15:37:46 - INFO - __main__ -     train_loss = 0.9283
08/05/2020 15:37:46 - INFO - __main__ -     ********************
08/05/2020 15:37:47 - INFO - __main__ -     Best ppl:2.86919
08/05/2020 15:37:47 - INFO - __main__ -     ********************
Total: 1000
08/05/2020 15:54:35 - INFO - __main__ -     bleu-4 = 61.77 
08/05/2020 15:54:35 - INFO - __main__ -     ********************
08/05/2020 15:54:35 - INFO - __main__ -     Best bleu:61.77
08/05/2020 15:54:35 - INFO - __main__ -     ********************
loss 0.9284:  90%|®Ä®Ä®Ä®Ä®Ä®Ä®Ä®Ä®Ä®Ä®Ä®Ä®Ä®Ä®Ä®Ä®Ä®Ä®Ä®Ä®Ä®Ä®Ä®Ä®Ä®Ä®Ä®Ä®Ä®Ä®Ä®Ä®Ä®Ä®Ä®Ä®Ä®Ä®Ä®Ä®Ä®Ä®Ä®Ä®Ä®Ä®Ä®Ä®Ä®Ä®Ä®Ä®Ä®Ä®Ä®Ä®Ä®Ä®Ä®Ä®Ä®Ä®Ä®Ä®Ä®Ä®Ä®Ä®Ä®Ä®Ä®Ä®Ä®Ä®Ä®Ä®Ä®Ä®Ä®Ä®Ä®Ä®Ä®Ä®Ä®Ä®Ä®Ä®Ä®Ä®Ä®Ä®Ä®Ä®Ä®Ä®Ä®Ä®Ä®Ä®Ä®Ä®Ä®Ä®Ä®Ä®Ä®Ä®Ä®Ä®Ä®Ä®Ä®Ä®Ä®Ä®Å             | 17998/20000 [12:41:53<17:30,  1.91it/s]08/05/2020 15:59:52 - INFO - __main__ -
***** Running evaluation *****
08/05/2020 15:59:52 - INFO - __main__ -     Num examples = 5946
08/05/2020 15:59:52 - INFO - __main__ -     Batch size = 6
08/05/2020 16:02:13 - INFO - __main__ -     eval_ppl = 2.84569
08/05/2020 16:02:13 - INFO - __main__ -     global_step = 18000
08/05/2020 16:02:13 - INFO - __main__ -     train_loss = 0.9284
08/05/2020 16:02:13 - INFO - __main__ -     ********************
08/05/2020 16:02:14 - INFO - __main__ -     Best ppl:2.84569
08/05/2020 16:02:14 - INFO - __main__ -     ********************
Total: 1000
08/05/2020 16:19:13 - INFO - __main__ -     bleu-4 = 61.02 
08/05/2020 16:19:13 - INFO - __main__ -     ********************
loss 0.8925:  93%|®Ä®Ä®Ä®Ä®Ä®Ä®Ä®Ä®Ä®Ä®Ä®Ä®Ä®Ä®Ä®Ä®Ä®Ä®Ä®Ä®Ä®Ä®Ä®Ä®Ä®Ä®Ä®Ä®Ä®Ä®Ä®Ä®Ä®Ä®Ä®Ä®Ä®Ä®Ä®Ä®Ä®Ä®Ä®Ä®Ä®Ä®Ä®Ä®Ä®Ä®Ä®Ä®Ä®Ä®Ä®Ä®Ä®Ä®Ä®Ä®Ä®Ä®Ä®Ä®Ä®Ä®Ä®Ä®Ä®Ä®Ä®Ä®Ä®Ä®Ä®Ä®Ä®Ä®Ä®Ä®Ä®Ä®Ä®Ä®Ä®Ä®Ä®Ä®Ä®Ä®Ä®Ä®Ä®Ä®Ä®Ä®Ä®Ä®Ä®Ä®Ä®Ä®Ä®Ä®Ä®Ä®Ä®Ä®Ä®Ä®Ä®Ä®Ä®Ä®Ä®Ä®Ä®Ä®Ä®Ä®Å         | 18598/20000 [13:06:34<13:21,  1.75it/s]08/05/2020 16:24:34 - INFO - __main__ -
***** Running evaluation *****
08/05/2020 16:24:34 - INFO - __main__ -     Num examples = 5946
08/05/2020 16:24:34 - INFO - __main__ -     Batch size = 6
08/05/2020 16:27:01 - INFO - __main__ -     eval_ppl = 2.83715
08/05/2020 16:27:01 - INFO - __main__ -     global_step = 18600
08/05/2020 16:27:01 - INFO - __main__ -     train_loss = 0.8925
08/05/2020 16:27:01 - INFO - __main__ -     ********************
08/05/2020 16:27:03 - INFO - __main__ -     Best ppl:2.83715
08/05/2020 16:27:03 - INFO - __main__ -     ********************
Total: 1000
08/05/2020 16:45:31 - INFO - __main__ -     bleu-4 = 61.17 
08/05/2020 16:45:31 - INFO - __main__ -     ********************
loss 0.8918:  96%|®Ä®Ä®Ä®Ä®Ä®Ä®Ä®Ä®Ä®Ä®Ä®Ä®Ä®Ä®Ä®Ä®Ä®Ä®Ä®Ä®Ä®Ä®Ä®Ä®Ä®Ä®Ä®Ä®Ä®Ä®Ä®Ä®Ä®Ä®Ä®Ä®Ä®Ä®Ä®Ä®Ä®Ä®Ä®Ä®Ä®Ä®Ä®Ä®Ä®Ä®Ä®Ä®Ä®Ä®Ä®Ä®Ä®Ä®Ä®Ä®Ä®Ä®Ä®Ä®Ä®Ä®Ä®Ä®Ä®Ä®Ä®Ä®Ä®Ä®Ä®Ä®Ä®Ä®Ä®Ä®Ä®Ä®Ä®Ä®Ä®Ä®Ä®Ä®Ä®Ä®Ä®Ä®Ä®Ä®Ä®Ä®Ä®Ä®Ä®Ä®Ä®Ä®Ä®Ä®Ä®Ä®Ä®Ä®Ä®Ä®Ä®Ä®Ä®Ä®Ä®Ä®Ä®Ä®Ä®Ä®Ä®Ä®Ä®Ä®Ç     | 19198/20000 [13:32:59<07:10,  1.86it/s]08/05/2020 16:50:58 - INFO - __main__ -
***** Running evaluation *****
08/05/2020 16:50:58 - INFO - __main__ -     Num examples = 5946
08/05/2020 16:50:58 - INFO - __main__ -     Batch size = 6
08/05/2020 16:53:24 - INFO - __main__ -     eval_ppl = 2.82468
08/05/2020 16:53:24 - INFO - __main__ -     global_step = 19200
08/05/2020 16:53:24 - INFO - __main__ -     train_loss = 0.8918
08/05/2020 16:53:24 - INFO - __main__ -     ********************
08/05/2020 16:53:26 - INFO - __main__ -     Best ppl:2.82468
08/05/2020 16:53:26 - INFO - __main__ -     ********************
Total: 1000
08/05/2020 17:12:14 - INFO - __main__ -     bleu-4 = 60.27
08/05/2020 17:12:14 - INFO - __main__ -     ********************
loss 0.8665:  99%|®Ä®Ä®Ä®Ä®Ä®Ä®Ä®Ä®Ä®Ä®Ä®Ä®Ä®Ä®Ä®Ä®Ä®Ä®Ä®Ä®Ä®Ä®Ä®Ä®Ä®Ä®Ä®Ä®Ä®Ä®Ä®Ä®Ä®Ä®Ä®Ä®Ä®Ä®Ä®Ä®Ä®Ä®Ä®Ä®Ä®Ä®Ä®Ä®Ä®Ä®Ä®Ä®Ä®Ä®Ä®Ä®Ä®Ä®Ä®Ä®Ä®Ä®Ä®Ä®Ä®Ä®Ä®Ä®Ä®Ä®Ä®Ä®Ä®Ä®Ä®Ä®Ä®Ä®Ä®Ä®Ä®Ä®Ä®Ä®Ä®Ä®Ä®Ä®Ä®Ä®Ä®Ä®Ä®Ä®Ä®Ä®Ä®Ä®Ä®Ä®Ä®Ä®Ä®Ä®Ä®Ä®Ä®Ä®Ä®Ä®Ä®Ä®Ä®Ä®Ä®Ä®Ä®Ä®Ä®Ä®Ä®Ä®Ä®Ä®Ä®Ä®Ä®Ä®É | 19798/20000 [14:00:15<01:48,  1.87it/s]08/05/2020 17:18:14 - INFO - __main__ -
***** Running evaluation *****
08/05/2020 17:18:14 - INFO - __main__ -     Num examples = 5946
08/05/2020 17:18:14 - INFO - __main__ -     Batch size = 6
08/05/2020 17:20:37 - INFO - __main__ -     eval_ppl = 2.81897
08/05/2020 17:20:37 - INFO - __main__ -     global_step = 19800
08/05/2020 17:20:37 - INFO - __main__ -     train_loss = 0.8665
08/05/2020 17:20:37 - INFO - __main__ -     ********************
08/05/2020 17:20:38 - INFO - __main__ -     Best ppl:2.81897
08/05/2020 17:20:38 - INFO - __main__ -     ********************
Total: 1000
08/05/2020 17:38:22 - INFO - __main__ -     bleu-4 = 60.89
08/05/2020 17:38:22 - INFO - __main__ -     ********************
loss 0.8637: 100%|®Ä®Ä®Ä®Ä®Ä®Ä®Ä®Ä®Ä®Ä®Ä®Ä®Ä®Ä®Ä®Ä®Ä®Ä®Ä®Ä®Ä®Ä®Ä®Ä®Ä®Ä®Ä®Ä®Ä®Ä®Ä®Ä®Ä®Ä®Ä®Ä®Ä®Ä®Ä®Ä®Ä®Ä®Ä®Ä®Ä®Ä®Ä®Ä®Ä®Ä®Ä®Ä®Ä®Ä®Ä®Ä®Ä®Ä®Ä®Ä®Ä®Ä®Ä®Ä®Ä®Ä®Ä®Ä®Ä®Ä®Ä®Ä®Ä®Ä®Ä®Ä®Ä®Ä®Ä®Ä®Ä®Ä®Ä®Ä®Ä®Ä®Ä®Ä®Ä®Ä®Ä®Ä®Ä®Ä®Ä®Ä®Ä®Ä®Ä®Ä®Ä®Ä®Ä®Ä®Ä®Ä®Ä®Ä®Ä®Ä®Ä®Ä®Ä®Ä®Ä®Ä®Ä®Ä®Ä®Ä®Ä®Ä®Ä®Ä®Ä®Ä®Ä®Ä®Ä®Ä| 20000/20000 [14:22:11<00:00,  2.59s/it] 